<testsuites id="" name="" tests="104" failures="72" skipped="0" errors="0" time="154.198197">
<testsuite name="navbar.spec.ts" timestamp="2026-01-04T03:21:31.854Z" hostname="chromium" tests="13" failures="11" skipped="0" time="220.926" errors="0">
<testcase name="Navbar UI Components › logout button renders with Lucide LogOut icon" classname="navbar.spec.ts" time="5.465">
<failure message="navbar.spec.ts:10:7 logout button renders with Lucide LogOut icon" type="FAILURE">
<![CDATA[  [chromium] › navbar.spec.ts:10:7 › Navbar UI Components › logout button renders with Lucide LogOut icon 

    Error: expect(locator).toBeVisible() failed

    Locator: locator('button[title="Sair"]')
    Expected: visible
    Timeout: 5000ms
    Error: element(s) not found

    Call log:
      - Expect "toBeVisible" with timeout 5000ms
      - waiting for locator('button[title="Sair"]')
        - waiting for" http://localhost:3000/auth/signin" navigation to finish...
        - navigated to "http://localhost:3000/auth/signin"


      11 |     // Check if logout button exists
      12 |     const logoutBtn = page.locator('button[title="Sair"]')
    > 13 |     await expect(logoutBtn).toBeVisible()
         |                             ^
      14 |     
      15 |     // Check if it contains an SVG (Lucide icon)
      16 |     const svg = logoutBtn.locator('svg')
        at E:\SENDA\senda-web-app\tests\e2e\navbar.spec.ts:13:29

    attachment #1: screenshot (image/png) ──────────────────────────────────────────────────────────
    ..\..\test-results\navbar-Navbar-UI-Component-46d79-ers-with-Lucide-LogOut-icon-chromium\test-failed-1.png
    ────────────────────────────────────────────────────────────────────────────────────────────────

    attachment #2: video (video/webm) ──────────────────────────────────────────────────────────────
    ..\..\test-results\navbar-Navbar-UI-Component-46d79-ers-with-Lucide-LogOut-icon-chromium\video.webm
    ────────────────────────────────────────────────────────────────────────────────────────────────

    Error Context: ..\..\test-results\navbar-Navbar-UI-Component-46d79-ers-with-Lucide-LogOut-icon-chromium\error-context.md
]]>
</failure>
<system-out>
<![CDATA[
[[ATTACHMENT|test-results\navbar-Navbar-UI-Component-46d79-ers-with-Lucide-LogOut-icon-chromium\test-failed-1.png]]

[[ATTACHMENT|test-results\navbar-Navbar-UI-Component-46d79-ers-with-Lucide-LogOut-icon-chromium\video.webm]]

[[ATTACHMENT|test-results\navbar-Navbar-UI-Component-46d79-ers-with-Lucide-LogOut-icon-chromium\error-context.md]]
]]>
</system-out>
</testcase>
<testcase name="Navbar UI Components › logout button has correct styling" classname="navbar.spec.ts" time="31.848">
<failure message="navbar.spec.ts:20:7 logout button has correct styling" type="FAILURE">
<![CDATA[  [chromium] › navbar.spec.ts:20:7 › Navbar UI Components › logout button has correct styling ──────

    Test timeout of 30000ms exceeded.

    Error: locator.hover: Test timeout of 30000ms exceeded.
    Call log:
      - waiting for locator('button[title="Sair"]')
        - waiting for" http://localhost:3000/auth/signin" navigation to finish...
        - navigated to "http://localhost:3000/auth/signin"


      22 |     
      23 |     // Check for hover effects
    > 24 |     await logoutBtn.hover()
         |                     ^
      25 |     const styles = await logoutBtn.evaluate(el => 
      26 |       window.getComputedStyle(el).backgroundColor
      27 |     )
        at E:\SENDA\senda-web-app\tests\e2e\navbar.spec.ts:24:21

    attachment #1: screenshot (image/png) ──────────────────────────────────────────────────────────
    ..\..\test-results\navbar-Navbar-UI-Component-bcdb4--button-has-correct-styling-chromium\test-failed-1.png
    ────────────────────────────────────────────────────────────────────────────────────────────────

    attachment #2: video (video/webm) ──────────────────────────────────────────────────────────────
    ..\..\test-results\navbar-Navbar-UI-Component-bcdb4--button-has-correct-styling-chromium\video.webm
    ────────────────────────────────────────────────────────────────────────────────────────────────

    Error Context: ..\..\test-results\navbar-Navbar-UI-Component-bcdb4--button-has-correct-styling-chromium\error-context.md
]]>
</failure>
<system-out>
<![CDATA[
[[ATTACHMENT|test-results\navbar-Navbar-UI-Component-bcdb4--button-has-correct-styling-chromium\test-failed-1.png]]

[[ATTACHMENT|test-results\navbar-Navbar-UI-Component-bcdb4--button-has-correct-styling-chromium\video.webm]]

[[ATTACHMENT|test-results\navbar-Navbar-UI-Component-bcdb4--button-has-correct-styling-chromium\error-context.md]]
]]>
</system-out>
</testcase>
<testcase name="Navbar UI Components › logout button is NOT emoji" classname="navbar.spec.ts" time="31.86">
<failure message="navbar.spec.ts:33:7 logout button is NOT emoji" type="FAILURE">
<![CDATA[  [chromium] › navbar.spec.ts:33:7 › Navbar UI Components › logout button is NOT emoji ─────────────

    Test timeout of 30000ms exceeded.

    Error: locator.textContent: Test timeout of 30000ms exceeded.
    Call log:
      - waiting for locator('button[title="Sair"]')


      33 |   test('logout button is NOT emoji', async ({ page }) => {
      34 |     const logoutBtn = page.locator('button[title="Sair"]')
    > 35 |     const textContent = await logoutBtn.textContent()
         |                                         ^
      36 |     
      37 |     // Should not contain emoji door
      38 |     expect(textContent).not.toContain('🚪')
        at E:\SENDA\senda-web-app\tests\e2e\navbar.spec.ts:35:41

    attachment #1: screenshot (image/png) ──────────────────────────────────────────────────────────
    ..\..\test-results\navbar-Navbar-UI-Components-logout-button-is-NOT-emoji-chromium\test-failed-1.png
    ────────────────────────────────────────────────────────────────────────────────────────────────

    attachment #2: video (video/webm) ──────────────────────────────────────────────────────────────
    ..\..\test-results\navbar-Navbar-UI-Components-logout-button-is-NOT-emoji-chromium\video.webm
    ────────────────────────────────────────────────────────────────────────────────────────────────

    Error Context: ..\..\test-results\navbar-Navbar-UI-Components-logout-button-is-NOT-emoji-chromium\error-context.md
]]>
</failure>
<system-out>
<![CDATA[
[[ATTACHMENT|test-results\navbar-Navbar-UI-Components-logout-button-is-NOT-emoji-chromium\test-failed-1.png]]

[[ATTACHMENT|test-results\navbar-Navbar-UI-Components-logout-button-is-NOT-emoji-chromium\video.webm]]

[[ATTACHMENT|test-results\navbar-Navbar-UI-Components-logout-button-is-NOT-emoji-chromium\error-context.md]]
]]>
</system-out>
</testcase>
<testcase name="Navbar UI Components › language selector dropdown exists" classname="navbar.spec.ts" time="5.52">
<failure message="navbar.spec.ts:41:7 language selector dropdown exists" type="FAILURE">
<![CDATA[  [chromium] › navbar.spec.ts:41:7 › Navbar UI Components › language selector dropdown exists ──────

    Error: expect(locator).toBeVisible() failed

    Locator: locator('select')
    Expected: visible
    Timeout: 5000ms
    Error: element(s) not found

    Call log:
      - Expect "toBeVisible" with timeout 5000ms
      - waiting for locator('select')
        - waiting for" http://localhost:3000/auth/signin" navigation to finish...
        - navigated to "http://localhost:3000/auth/signin"


      41 |   test('language selector dropdown exists', async ({ page }) => {
      42 |     const langSelector = page.locator('select')
    > 43 |     await expect(langSelector).toBeVisible()
         |                                ^
      44 |     
      45 |     // Should have options
      46 |     const options = page.locator('select option')
        at E:\SENDA\senda-web-app\tests\e2e\navbar.spec.ts:43:32

    attachment #1: screenshot (image/png) ──────────────────────────────────────────────────────────
    ..\..\test-results\navbar-Navbar-UI-Component-b3e47-ge-selector-dropdown-exists-chromium\test-failed-1.png
    ────────────────────────────────────────────────────────────────────────────────────────────────

    attachment #2: video (video/webm) ──────────────────────────────────────────────────────────────
    ..\..\test-results\navbar-Navbar-UI-Component-b3e47-ge-selector-dropdown-exists-chromium\video.webm
    ────────────────────────────────────────────────────────────────────────────────────────────────

    Error Context: ..\..\test-results\navbar-Navbar-UI-Component-b3e47-ge-selector-dropdown-exists-chromium\error-context.md
]]>
</failure>
<system-out>
<![CDATA[
[[ATTACHMENT|test-results\navbar-Navbar-UI-Component-b3e47-ge-selector-dropdown-exists-chromium\test-failed-1.png]]

[[ATTACHMENT|test-results\navbar-Navbar-UI-Component-b3e47-ge-selector-dropdown-exists-chromium\video.webm]]

[[ATTACHMENT|test-results\navbar-Navbar-UI-Component-b3e47-ge-selector-dropdown-exists-chromium\error-context.md]]
]]>
</system-out>
</testcase>
<testcase name="Navbar UI Components › language selector has all supported languages" classname="navbar.spec.ts" time="5.507">
<failure message="navbar.spec.ts:51:7 language selector has all supported languages" type="FAILURE">
<![CDATA[  [chromium] › navbar.spec.ts:51:7 › Navbar UI Components › language selector has all supported languages 

    Error: expect(locator).toBeVisible() failed

    Locator: locator('select option[value="pt"]')
    Expected: visible
    Timeout: 5000ms
    Error: element(s) not found

    Call log:
      - Expect "toBeVisible" with timeout 5000ms
      - waiting for locator('select option[value="pt"]')
        - waiting for" http://localhost:3000/auth/signin" navigation to finish...
        - navigated to "http://localhost:3000/auth/signin"


      55 |     for (const lang of languages) {
      56 |       const option = page.locator(`select option[value="${lang}"]`)
    > 57 |       await expect(option).toBeVisible()
         |                            ^
      58 |     }
      59 |   })
      60 |
        at E:\SENDA\senda-web-app\tests\e2e\navbar.spec.ts:57:28

    attachment #1: screenshot (image/png) ──────────────────────────────────────────────────────────
    ..\..\test-results\navbar-Navbar-UI-Component-bd82a-has-all-supported-languages-chromium\test-failed-1.png
    ────────────────────────────────────────────────────────────────────────────────────────────────

    attachment #2: video (video/webm) ──────────────────────────────────────────────────────────────
    ..\..\test-results\navbar-Navbar-UI-Component-bd82a-has-all-supported-languages-chromium\video.webm
    ────────────────────────────────────────────────────────────────────────────────────────────────

    Error Context: ..\..\test-results\navbar-Navbar-UI-Component-bd82a-has-all-supported-languages-chromium\error-context.md
]]>
</failure>
<system-out>
<![CDATA[
[[ATTACHMENT|test-results\navbar-Navbar-UI-Component-bd82a-has-all-supported-languages-chromium\test-failed-1.png]]

[[ATTACHMENT|test-results\navbar-Navbar-UI-Component-bd82a-has-all-supported-languages-chromium\video.webm]]

[[ATTACHMENT|test-results\navbar-Navbar-UI-Component-bd82a-has-all-supported-languages-chromium\error-context.md]]
]]>
</system-out>
</testcase>
<testcase name="Navbar UI Components › avatar button links to profile" classname="navbar.spec.ts" time="5.564">
<failure message="navbar.spec.ts:61:7 avatar button links to profile" type="FAILURE">
<![CDATA[  [chromium] › navbar.spec.ts:61:7 › Navbar UI Components › avatar button links to profile ─────────

    Error: expect(locator).toBeVisible() failed

    Locator: locator('a[href="/profile"]')
    Expected: visible
    Timeout: 5000ms
    Error: element(s) not found

    Call log:
      - Expect "toBeVisible" with timeout 5000ms
      - waiting for locator('a[href="/profile"]')
        - waiting for" http://localhost:3000/auth/signin" navigation to finish...
        - navigated to "http://localhost:3000/auth/signin"


      64 |     
      65 |     // Should be visible
    > 66 |     await expect(avatarLink).toBeVisible()
         |                              ^
      67 |     
      68 |     // Should have correct styling (gradient)
      69 |     const styles = await avatarLink.getAttribute('class')
        at E:\SENDA\senda-web-app\tests\e2e\navbar.spec.ts:66:30

    attachment #1: screenshot (image/png) ──────────────────────────────────────────────────────────
    ..\..\test-results\navbar-Navbar-UI-Components-avatar-button-links-to-profile-chromium\test-failed-1.png
    ────────────────────────────────────────────────────────────────────────────────────────────────

    attachment #2: video (video/webm) ──────────────────────────────────────────────────────────────
    ..\..\test-results\navbar-Navbar-UI-Components-avatar-button-links-to-profile-chromium\video.webm
    ────────────────────────────────────────────────────────────────────────────────────────────────

    Error Context: ..\..\test-results\navbar-Navbar-UI-Components-avatar-button-links-to-profile-chromium\error-context.md
]]>
</failure>
<system-out>
<![CDATA[
[[ATTACHMENT|test-results\navbar-Navbar-UI-Components-avatar-button-links-to-profile-chromium\test-failed-1.png]]

[[ATTACHMENT|test-results\navbar-Navbar-UI-Components-avatar-button-links-to-profile-chromium\video.webm]]

[[ATTACHMENT|test-results\navbar-Navbar-UI-Components-avatar-button-links-to-profile-chromium\error-context.md]]
]]>
</system-out>
</testcase>
<testcase name="Navbar UI Components › avatar shows user initial or avatar image" classname="navbar.spec.ts" time="31.883">
<failure message="navbar.spec.ts:73:7 avatar shows user initial or avatar image" type="FAILURE">
<![CDATA[  [chromium] › navbar.spec.ts:73:7 › Navbar UI Components › avatar shows user initial or avatar image 

    Test timeout of 30000ms exceeded.

    Error: locator.textContent: Test timeout of 30000ms exceeded.
    Call log:
      - waiting for locator('a[href="/profile"]')


      80 |     if (!imgVisible) {
      81 |       // Should have text (user initial)
    > 82 |       const textContent = await avatarLink.textContent()
         |                                            ^
      83 |       expect(textContent?.length).toBeGreaterThan(0)
      84 |     }
      85 |   })
        at E:\SENDA\senda-web-app\tests\e2e\navbar.spec.ts:82:44

    attachment #1: screenshot (image/png) ──────────────────────────────────────────────────────────
    ..\..\test-results\navbar-Navbar-UI-Component-ba2a7-ser-initial-or-avatar-image-chromium\test-failed-1.png
    ────────────────────────────────────────────────────────────────────────────────────────────────

    attachment #2: video (video/webm) ──────────────────────────────────────────────────────────────
    ..\..\test-results\navbar-Navbar-UI-Component-ba2a7-ser-initial-or-avatar-image-chromium\video.webm
    ────────────────────────────────────────────────────────────────────────────────────────────────

    Error Context: ..\..\test-results\navbar-Navbar-UI-Component-ba2a7-ser-initial-or-avatar-image-chromium\error-context.md
]]>
</failure>
<system-out>
<![CDATA[
[[ATTACHMENT|test-results\navbar-Navbar-UI-Component-ba2a7-ser-initial-or-avatar-image-chromium\test-failed-1.png]]

[[ATTACHMENT|test-results\navbar-Navbar-UI-Component-ba2a7-ser-initial-or-avatar-image-chromium\video.webm]]

[[ATTACHMENT|test-results\navbar-Navbar-UI-Component-ba2a7-ser-initial-or-avatar-image-chromium\error-context.md]]
]]>
</system-out>
</testcase>
<testcase name="Navbar UI Components › navigation links have correct active state styling" classname="navbar.spec.ts" time="4.26">
<failure message="navbar.spec.ts:87:7 navigation links have correct active state styling" type="FAILURE">
<![CDATA[  [chromium] › navbar.spec.ts:87:7 › Navbar UI Components › navigation links have correct active state styling 

    Error: expect(received).toBeGreaterThan(expected)

    Expected: > 0
    Received:   0

      91 |     
      92 |     // Should have at least one active link
    > 93 |     expect(activeCount).toBeGreaterThan(0)
         |                         ^
      94 |   })
      95 | })
      96 |
        at E:\SENDA\senda-web-app\tests\e2e\navbar.spec.ts:93:25

    Error: page.goto: Test ended.
    Call log:
      - navigating to "http://localhost:3000/home/client", waiting until "load"


       5 |     // Assuming we have a test account
       6 |     // This would need proper test credentials
    >  7 |     page.goto('http://localhost:3000/home/client')
         |          ^
       8 |   })
       9 |
      10 |   test('logout button renders with Lucide LogOut icon', async ({ page }) => {
        at E:\SENDA\senda-web-app\tests\e2e\navbar.spec.ts:7:10

    attachment #1: screenshot (image/png) ──────────────────────────────────────────────────────────
    ..\..\test-results\navbar-Navbar-UI-Component-a99d9-orrect-active-state-styling-chromium\test-failed-1.png
    ────────────────────────────────────────────────────────────────────────────────────────────────

    Error Context: ..\..\test-results\navbar-Navbar-UI-Component-a99d9-orrect-active-state-styling-chromium\error-context.md
]]>
</failure>
<system-out>
<![CDATA[
[[ATTACHMENT|test-results\navbar-Navbar-UI-Component-a99d9-orrect-active-state-styling-chromium\test-failed-1.png]]

[[ATTACHMENT|test-results\navbar-Navbar-UI-Component-a99d9-orrect-active-state-styling-chromium\error-context.md]]
]]>
</system-out>
</testcase>
<testcase name="Language Switching Functionality › changing language updates page language" classname="navbar.spec.ts" time="32.215">
<failure message="navbar.spec.ts:98:7 changing language updates page language" type="FAILURE">
<![CDATA[  [chromium] › navbar.spec.ts:98:7 › Language Switching Functionality › changing language updates page language 

    Test timeout of 30000ms exceeded.

    Error: locator.selectOption: Test timeout of 30000ms exceeded.
    Call log:
      - waiting for locator('select')


      105 |     // Change language
      106 |     const langSelector = page.locator('select')
    > 107 |     await langSelector.selectOption('en')
          |                        ^
      108 |     
      109 |     // Language should update
      110 |     const newLang = await page.getAttribute('html', 'lang')
        at E:\SENDA\senda-web-app\tests\e2e\navbar.spec.ts:107:24

    attachment #1: screenshot (image/png) ──────────────────────────────────────────────────────────
    ..\..\test-results\navbar-Language-Switching--17eb9-guage-updates-page-language-chromium\test-failed-1.png
    ────────────────────────────────────────────────────────────────────────────────────────────────

    attachment #2: video (video/webm) ──────────────────────────────────────────────────────────────
    ..\..\test-results\navbar-Language-Switching--17eb9-guage-updates-page-language-chromium\video.webm
    ────────────────────────────────────────────────────────────────────────────────────────────────

    Error Context: ..\..\test-results\navbar-Language-Switching--17eb9-guage-updates-page-language-chromium\error-context.md
]]>
</failure>
<system-out>
<![CDATA[
[[ATTACHMENT|test-results\navbar-Language-Switching--17eb9-guage-updates-page-language-chromium\test-failed-1.png]]

[[ATTACHMENT|test-results\navbar-Language-Switching--17eb9-guage-updates-page-language-chromium\video.webm]]

[[ATTACHMENT|test-results\navbar-Language-Switching--17eb9-guage-updates-page-language-chromium\error-context.md]]
]]>
</system-out>
</testcase>
<testcase name="Language Switching Functionality › language preference persists in localStorage" classname="navbar.spec.ts" time="32.389">
<failure message="navbar.spec.ts:114:7 language preference persists in localStorage" type="FAILURE">
<![CDATA[  [chromium] › navbar.spec.ts:114:7 › Language Switching Functionality › language preference persists in localStorage 

    Test timeout of 30000ms exceeded.

    Error: locator.selectOption: Test timeout of 30000ms exceeded.
    Call log:
      - waiting for locator('select')


      117 |     // Change language
      118 |     const langSelector = page.locator('select')
    > 119 |     await langSelector.selectOption('es')
          |                        ^
      120 |     
      121 |     // Check localStorage
      122 |     const lang = await page.evaluate(() => 
        at E:\SENDA\senda-web-app\tests\e2e\navbar.spec.ts:119:24

    attachment #1: screenshot (image/png) ──────────────────────────────────────────────────────────
    ..\..\test-results\navbar-Language-Switching--08579-ce-persists-in-localStorage-chromium\test-failed-1.png
    ────────────────────────────────────────────────────────────────────────────────────────────────

    attachment #2: video (video/webm) ──────────────────────────────────────────────────────────────
    ..\..\test-results\navbar-Language-Switching--08579-ce-persists-in-localStorage-chromium\video.webm
    ────────────────────────────────────────────────────────────────────────────────────────────────

    Error Context: ..\..\test-results\navbar-Language-Switching--08579-ce-persists-in-localStorage-chromium\error-context.md
]]>
</failure>
<system-out>
<![CDATA[
[[ATTACHMENT|test-results\navbar-Language-Switching--08579-ce-persists-in-localStorage-chromium\test-failed-1.png]]

[[ATTACHMENT|test-results\navbar-Language-Switching--08579-ce-persists-in-localStorage-chromium\video.webm]]

[[ATTACHMENT|test-results\navbar-Language-Switching--08579-ce-persists-in-localStorage-chromium\error-context.md]]
]]>
</system-out>
</testcase>
<testcase name="Language Switching Functionality › language selector shows current selection" classname="navbar.spec.ts" time="32.398">
<failure message="navbar.spec.ts:128:7 language selector shows current selection" type="FAILURE">
<![CDATA[  [chromium] › navbar.spec.ts:128:7 › Language Switching Functionality › language selector shows current selection 

    Test timeout of 30000ms exceeded.

    Error: locator.inputValue: Test timeout of 30000ms exceeded.
    Call log:
      - waiting for locator('select')


      131 |     // Default should be Portuguese
      132 |     const langSelector = page.locator('select')
    > 133 |     const value = await langSelector.inputValue()
          |                                      ^
      134 |     expect(value).toBe('pt')
      135 |   })
      136 | })
        at E:\SENDA\senda-web-app\tests\e2e\navbar.spec.ts:133:38

    attachment #1: screenshot (image/png) ──────────────────────────────────────────────────────────
    ..\..\test-results\navbar-Language-Switching--9c7eb-tor-shows-current-selection-chromium\test-failed-1.png
    ────────────────────────────────────────────────────────────────────────────────────────────────

    attachment #2: video (video/webm) ──────────────────────────────────────────────────────────────
    ..\..\test-results\navbar-Language-Switching--9c7eb-tor-shows-current-selection-chromium\video.webm
    ────────────────────────────────────────────────────────────────────────────────────────────────

    Error Context: ..\..\test-results\navbar-Language-Switching--9c7eb-tor-shows-current-selection-chromium\error-context.md
]]>
</failure>
<system-out>
<![CDATA[
[[ATTACHMENT|test-results\navbar-Language-Switching--9c7eb-tor-shows-current-selection-chromium\test-failed-1.png]]

[[ATTACHMENT|test-results\navbar-Language-Switching--9c7eb-tor-shows-current-selection-chromium\video.webm]]

[[ATTACHMENT|test-results\navbar-Language-Switching--9c7eb-tor-shows-current-selection-chromium\error-context.md]]
]]>
</system-out>
</testcase>
<testcase name="Authentication &amp; Logout › logout button is disabled/hidden when not authenticated" classname="navbar.spec.ts" time="1.034">
</testcase>
<testcase name="Authentication &amp; Logout › profile link requires authentication" classname="navbar.spec.ts" time="0.983">
</testcase>
</testsuite>
<testsuite name="pages.spec.ts" timestamp="2026-01-04T03:21:31.854Z" hostname="chromium" tests="13" failures="7" skipped="0" time="56.294" errors="0">
<testcase name="Authentication Flow › signup page is accessible" classname="pages.spec.ts" time="1.46">
</testcase>
<testcase name="Authentication Flow › signin page is accessible" classname="pages.spec.ts" time="1.389">
</testcase>
<testcase name="Authentication Flow › role selection page exists" classname="pages.spec.ts" time="2.86">
<failure message="pages.spec.ts:21:7 role selection page exists" type="FAILURE">
<![CDATA[  [chromium] › pages.spec.ts:21:7 › Authentication Flow › role selection page exists ───────────────

    Error: expect(received).toBeGreaterThan(expected)

    Expected: > 0
    Received:   0

      24 |     const roleOptions = page.locator('button, [role="button"]')
      25 |     const count = await roleOptions.count()
    > 26 |     expect(count).toBeGreaterThan(0)
         |                   ^
      27 |   })
      28 | })
      29 |
        at E:\SENDA\senda-web-app\tests\e2e\pages.spec.ts:26:19

    attachment #1: screenshot (image/png) ──────────────────────────────────────────────────────────
    ..\..\test-results\pages-Authentication-Flow-role-selection-page-exists-chromium\test-failed-1.png
    ────────────────────────────────────────────────────────────────────────────────────────────────

    attachment #2: video (video/webm) ──────────────────────────────────────────────────────────────
    ..\..\test-results\pages-Authentication-Flow-role-selection-page-exists-chromium\video.webm
    ────────────────────────────────────────────────────────────────────────────────────────────────

    Error Context: ..\..\test-results\pages-Authentication-Flow-role-selection-page-exists-chromium\error-context.md
]]>
</failure>
<system-out>
<![CDATA[
[[ATTACHMENT|test-results\pages-Authentication-Flow-role-selection-page-exists-chromium\test-failed-1.png]]

[[ATTACHMENT|test-results\pages-Authentication-Flow-role-selection-page-exists-chromium\video.webm]]

[[ATTACHMENT|test-results\pages-Authentication-Flow-role-selection-page-exists-chromium\error-context.md]]
]]>
</system-out>
</testcase>
<testcase name="Legal Pages › privacy policy page is accessible" classname="pages.spec.ts" time="8.018">
<failure message="pages.spec.ts:31:7 privacy policy page is accessible" type="FAILURE">
<![CDATA[  [chromium] › pages.spec.ts:31:7 › Legal Pages › privacy policy page is accessible ────────────────

    Error: expect(locator).toBeVisible() failed

    Locator: locator('main, [role="main"]')
    Expected: visible
    Timeout: 5000ms
    Error: element(s) not found

    Call log:
      - Expect "toBeVisible" with timeout 5000ms
      - waiting for locator('main, [role="main"]')


      33 |     
      34 |     const content = page.locator('main, [role="main"]')
    > 35 |     await expect(content).toBeVisible()
         |                           ^
      36 |   })
      37 |
      38 |   test('terms page is accessible', async ({ page }) => {
        at E:\SENDA\senda-web-app\tests\e2e\pages.spec.ts:35:27

    attachment #1: screenshot (image/png) ──────────────────────────────────────────────────────────
    ..\..\test-results\pages-Legal-Pages-privacy-policy-page-is-accessible-chromium\test-failed-1.png
    ────────────────────────────────────────────────────────────────────────────────────────────────

    attachment #2: video (video/webm) ──────────────────────────────────────────────────────────────
    ..\..\test-results\pages-Legal-Pages-privacy-policy-page-is-accessible-chromium\video.webm
    ────────────────────────────────────────────────────────────────────────────────────────────────

    Error Context: ..\..\test-results\pages-Legal-Pages-privacy-policy-page-is-accessible-chromium\error-context.md
]]>
</failure>
<system-out>
<![CDATA[
[[ATTACHMENT|test-results\pages-Legal-Pages-privacy-policy-page-is-accessible-chromium\test-failed-1.png]]

[[ATTACHMENT|test-results\pages-Legal-Pages-privacy-policy-page-is-accessible-chromium\video.webm]]

[[ATTACHMENT|test-results\pages-Legal-Pages-privacy-policy-page-is-accessible-chromium\error-context.md]]
]]>
</system-out>
</testcase>
<testcase name="Legal Pages › terms page is accessible" classname="pages.spec.ts" time="6.276">
<failure message="pages.spec.ts:38:7 terms page is accessible" type="FAILURE">
<![CDATA[  [chromium] › pages.spec.ts:38:7 › Legal Pages › terms page is accessible ─────────────────────────

    Error: expect(locator).toBeVisible() failed

    Locator: locator('main, [role="main"]')
    Expected: visible
    Timeout: 5000ms
    Error: element(s) not found

    Call log:
      - Expect "toBeVisible" with timeout 5000ms
      - waiting for locator('main, [role="main"]')


      40 |     
      41 |     const content = page.locator('main, [role="main"]')
    > 42 |     await expect(content).toBeVisible()
         |                           ^
      43 |   })
      44 |
      45 |   test('cancellation policy page is accessible', async ({ page }) => {
        at E:\SENDA\senda-web-app\tests\e2e\pages.spec.ts:42:27

    attachment #1: screenshot (image/png) ──────────────────────────────────────────────────────────
    ..\..\test-results\pages-Legal-Pages-terms-page-is-accessible-chromium\test-failed-1.png
    ────────────────────────────────────────────────────────────────────────────────────────────────

    attachment #2: video (video/webm) ──────────────────────────────────────────────────────────────
    ..\..\test-results\pages-Legal-Pages-terms-page-is-accessible-chromium\video.webm
    ────────────────────────────────────────────────────────────────────────────────────────────────

    Error Context: ..\..\test-results\pages-Legal-Pages-terms-page-is-accessible-chromium\error-context.md
]]>
</failure>
<system-out>
<![CDATA[
[[ATTACHMENT|test-results\pages-Legal-Pages-terms-page-is-accessible-chromium\test-failed-1.png]]

[[ATTACHMENT|test-results\pages-Legal-Pages-terms-page-is-accessible-chromium\video.webm]]

[[ATTACHMENT|test-results\pages-Legal-Pages-terms-page-is-accessible-chromium\error-context.md]]
]]>
</system-out>
</testcase>
<testcase name="Legal Pages › cancellation policy page is accessible" classname="pages.spec.ts" time="6.411">
<failure message="pages.spec.ts:45:7 cancellation policy page is accessible" type="FAILURE">
<![CDATA[  [chromium] › pages.spec.ts:45:7 › Legal Pages › cancellation policy page is accessible ───────────

    Error: expect(locator).toBeVisible() failed

    Locator: locator('main, [role="main"]')
    Expected: visible
    Timeout: 5000ms
    Error: element(s) not found

    Call log:
      - Expect "toBeVisible" with timeout 5000ms
      - waiting for locator('main, [role="main"]')


      47 |     
      48 |     const content = page.locator('main, [role="main"]')
    > 49 |     await expect(content).toBeVisible()
         |                           ^
      50 |   })
      51 |
      52 |   test('payment terms page is accessible', async ({ page }) => {
        at E:\SENDA\senda-web-app\tests\e2e\pages.spec.ts:49:27

    attachment #1: screenshot (image/png) ──────────────────────────────────────────────────────────
    ..\..\test-results\pages-Legal-Pages-cancellation-policy-page-is-accessible-chromium\test-failed-1.png
    ────────────────────────────────────────────────────────────────────────────────────────────────

    attachment #2: video (video/webm) ──────────────────────────────────────────────────────────────
    ..\..\test-results\pages-Legal-Pages-cancellation-policy-page-is-accessible-chromium\video.webm
    ────────────────────────────────────────────────────────────────────────────────────────────────

    Error Context: ..\..\test-results\pages-Legal-Pages-cancellation-policy-page-is-accessible-chromium\error-context.md
]]>
</failure>
<system-out>
<![CDATA[
[[ATTACHMENT|test-results\pages-Legal-Pages-cancellation-policy-page-is-accessible-chromium\test-failed-1.png]]

[[ATTACHMENT|test-results\pages-Legal-Pages-cancellation-policy-page-is-accessible-chromium\video.webm]]

[[ATTACHMENT|test-results\pages-Legal-Pages-cancellation-policy-page-is-accessible-chromium\error-context.md]]
]]>
</system-out>
</testcase>
<testcase name="Legal Pages › payment terms page is accessible" classname="pages.spec.ts" time="6.457">
<failure message="pages.spec.ts:52:7 payment terms page is accessible" type="FAILURE">
<![CDATA[  [chromium] › pages.spec.ts:52:7 › Legal Pages › payment terms page is accessible ─────────────────

    Error: expect(locator).toBeVisible() failed

    Locator: locator('main, [role="main"]')
    Expected: visible
    Timeout: 5000ms
    Error: element(s) not found

    Call log:
      - Expect "toBeVisible" with timeout 5000ms
      - waiting for locator('main, [role="main"]')


      54 |     
      55 |     const content = page.locator('main, [role="main"]')
    > 56 |     await expect(content).toBeVisible()
         |                           ^
      57 |   })
      58 | })
      59 |
        at E:\SENDA\senda-web-app\tests\e2e\pages.spec.ts:56:27

    attachment #1: screenshot (image/png) ──────────────────────────────────────────────────────────
    ..\..\test-results\pages-Legal-Pages-payment-terms-page-is-accessible-chromium\test-failed-1.png
    ────────────────────────────────────────────────────────────────────────────────────────────────

    attachment #2: video (video/webm) ──────────────────────────────────────────────────────────────
    ..\..\test-results\pages-Legal-Pages-payment-terms-page-is-accessible-chromium\video.webm
    ────────────────────────────────────────────────────────────────────────────────────────────────

    Error Context: ..\..\test-results\pages-Legal-Pages-payment-terms-page-is-accessible-chromium\error-context.md
]]>
</failure>
<system-out>
<![CDATA[
[[ATTACHMENT|test-results\pages-Legal-Pages-payment-terms-page-is-accessible-chromium\test-failed-1.png]]

[[ATTACHMENT|test-results\pages-Legal-Pages-payment-terms-page-is-accessible-chromium\video.webm]]

[[ATTACHMENT|test-results\pages-Legal-Pages-payment-terms-page-is-accessible-chromium\error-context.md]]
]]>
</system-out>
</testcase>
<testcase name="Public Pages › home page loads without errors" classname="pages.spec.ts" time="0.851">
</testcase>
<testcase name="Public Pages › explore therapies page is accessible" classname="pages.spec.ts" time="8.893">
<failure message="pages.spec.ts:68:7 explore therapies page is accessible" type="FAILURE">
<![CDATA[  [chromium] › pages.spec.ts:68:7 › Public Pages › explore therapies page is accessible ────────────

    Error: expect(locator).toBeVisible() failed

    Locator: locator('main, [role="main"]')
    Expected: visible
    Timeout: 5000ms
    Error: element(s) not found

    Call log:
      - Expect "toBeVisible" with timeout 5000ms
      - waiting for locator('main, [role="main"]')


      70 |     
      71 |     const content = page.locator('main, [role="main"]')
    > 72 |     await expect(content).toBeVisible()
         |                           ^
      73 |   })
      74 |
      75 |   test('news page is accessible', async ({ page }) => {
        at E:\SENDA\senda-web-app\tests\e2e\pages.spec.ts:72:27

    attachment #1: screenshot (image/png) ──────────────────────────────────────────────────────────
    ..\..\test-results\pages-Public-Pages-explore-therapies-page-is-accessible-chromium\test-failed-1.png
    ────────────────────────────────────────────────────────────────────────────────────────────────

    attachment #2: video (video/webm) ──────────────────────────────────────────────────────────────
    ..\..\test-results\pages-Public-Pages-explore-therapies-page-is-accessible-chromium\video.webm
    ────────────────────────────────────────────────────────────────────────────────────────────────

    Error Context: ..\..\test-results\pages-Public-Pages-explore-therapies-page-is-accessible-chromium\error-context.md
]]>
</failure>
<system-out>
<![CDATA[
[[ATTACHMENT|test-results\pages-Public-Pages-explore-therapies-page-is-accessible-chromium\test-failed-1.png]]

[[ATTACHMENT|test-results\pages-Public-Pages-explore-therapies-page-is-accessible-chromium\video.webm]]

[[ATTACHMENT|test-results\pages-Public-Pages-explore-therapies-page-is-accessible-chromium\error-context.md]]
]]>
</system-out>
</testcase>
<testcase name="Public Pages › news page is accessible" classname="pages.spec.ts" time="8.174">
<failure message="pages.spec.ts:75:7 news page is accessible" type="FAILURE">
<![CDATA[  [chromium] › pages.spec.ts:75:7 › Public Pages › news page is accessible ─────────────────────────

    Error: expect(locator).toBeVisible() failed

    Locator: locator('main, [role="main"]')
    Expected: visible
    Timeout: 5000ms
    Error: element(s) not found

    Call log:
      - Expect "toBeVisible" with timeout 5000ms
      - waiting for locator('main, [role="main"]')


      77 |     
      78 |     const content = page.locator('main, [role="main"]')
    > 79 |     await expect(content).toBeVisible()
         |                           ^
      80 |   })
      81 | })
      82 |
        at E:\SENDA\senda-web-app\tests\e2e\pages.spec.ts:79:27

    attachment #1: screenshot (image/png) ──────────────────────────────────────────────────────────
    ..\..\test-results\pages-Public-Pages-news-page-is-accessible-chromium\test-failed-1.png
    ────────────────────────────────────────────────────────────────────────────────────────────────

    attachment #2: video (video/webm) ──────────────────────────────────────────────────────────────
    ..\..\test-results\pages-Public-Pages-news-page-is-accessible-chromium\video.webm
    ────────────────────────────────────────────────────────────────────────────────────────────────

    Error Context: ..\..\test-results\pages-Public-Pages-news-page-is-accessible-chromium\error-context.md
]]>
</failure>
<system-out>
<![CDATA[
[[ATTACHMENT|test-results\pages-Public-Pages-news-page-is-accessible-chromium\test-failed-1.png]]

[[ATTACHMENT|test-results\pages-Public-Pages-news-page-is-accessible-chromium\video.webm]]

[[ATTACHMENT|test-results\pages-Public-Pages-news-page-is-accessible-chromium\error-context.md]]
]]>
</system-out>
</testcase>
<testcase name="Error Handling › 404 page is shown for non-existent routes" classname="pages.spec.ts" time="2.26">
</testcase>
<testcase name="Performance › page loads within acceptable time" classname="pages.spec.ts" time="2.27">
</testcase>
<testcase name="Performance › no console errors on page load" classname="pages.spec.ts" time="0.975">
</testcase>
</testsuite>
<testsuite name="navbar.spec.ts" timestamp="2026-01-04T03:21:31.854Z" hostname="firefox" tests="13" failures="11" skipped="0" time="210.811" errors="0">
<testcase name="Navbar UI Components › logout button renders with Lucide LogOut icon" classname="navbar.spec.ts" time="5.814">
<failure message="navbar.spec.ts:10:7 logout button renders with Lucide LogOut icon" type="FAILURE">
<![CDATA[  [firefox] › navbar.spec.ts:10:7 › Navbar UI Components › logout button renders with Lucide LogOut icon 

    Error: expect(locator).toBeVisible() failed

    Locator: locator('button[title="Sair"]')
    Expected: visible
    Timeout: 5000ms
    Error: element(s) not found

    Call log:
      - Expect "toBeVisible" with timeout 5000ms
      - waiting for locator('button[title="Sair"]')
        - waiting for" http://localhost:3000/home/client" navigation to finish...
        - navigated to "http://localhost:3000/auth/signin"


      11 |     // Check if logout button exists
      12 |     const logoutBtn = page.locator('button[title="Sair"]')
    > 13 |     await expect(logoutBtn).toBeVisible()
         |                             ^
      14 |     
      15 |     // Check if it contains an SVG (Lucide icon)
      16 |     const svg = logoutBtn.locator('svg')
        at E:\SENDA\senda-web-app\tests\e2e\navbar.spec.ts:13:29

    attachment #1: screenshot (image/png) ──────────────────────────────────────────────────────────
    ..\..\test-results\navbar-Navbar-UI-Component-46d79-ers-with-Lucide-LogOut-icon-firefox\test-failed-1.png
    ────────────────────────────────────────────────────────────────────────────────────────────────

    attachment #2: video (video/webm) ──────────────────────────────────────────────────────────────
    ..\..\test-results\navbar-Navbar-UI-Component-46d79-ers-with-Lucide-LogOut-icon-firefox\video.webm
    ────────────────────────────────────────────────────────────────────────────────────────────────

    Error Context: ..\..\test-results\navbar-Navbar-UI-Component-46d79-ers-with-Lucide-LogOut-icon-firefox\error-context.md
]]>
</failure>
<system-out>
<![CDATA[
[[ATTACHMENT|test-results\navbar-Navbar-UI-Component-46d79-ers-with-Lucide-LogOut-icon-firefox\test-failed-1.png]]

[[ATTACHMENT|test-results\navbar-Navbar-UI-Component-46d79-ers-with-Lucide-LogOut-icon-firefox\video.webm]]

[[ATTACHMENT|test-results\navbar-Navbar-UI-Component-46d79-ers-with-Lucide-LogOut-icon-firefox\error-context.md]]
]]>
</system-out>
</testcase>
<testcase name="Navbar UI Components › logout button has correct styling" classname="navbar.spec.ts" time="30.071">
<failure message="navbar.spec.ts:20:7 logout button has correct styling" type="FAILURE">
<![CDATA[  [firefox] › navbar.spec.ts:20:7 › Navbar UI Components › logout button has correct styling ───────

    Test timeout of 30000ms exceeded.

    Error: locator.hover: Test timeout of 30000ms exceeded.
    Call log:
      - waiting for locator('button[title="Sair"]')
        - waiting for" http://localhost:3000/auth/signin" navigation to finish...
        - navigated to "http://localhost:3000/auth/signin"


      22 |     
      23 |     // Check for hover effects
    > 24 |     await logoutBtn.hover()
         |                     ^
      25 |     const styles = await logoutBtn.evaluate(el => 
      26 |       window.getComputedStyle(el).backgroundColor
      27 |     )
        at E:\SENDA\senda-web-app\tests\e2e\navbar.spec.ts:24:21

    attachment #1: screenshot (image/png) ──────────────────────────────────────────────────────────
    ..\..\test-results\navbar-Navbar-UI-Component-bcdb4--button-has-correct-styling-firefox\test-failed-1.png
    ────────────────────────────────────────────────────────────────────────────────────────────────

    attachment #2: video (video/webm) ──────────────────────────────────────────────────────────────
    ..\..\test-results\navbar-Navbar-UI-Component-bcdb4--button-has-correct-styling-firefox\video.webm
    ────────────────────────────────────────────────────────────────────────────────────────────────

    Error Context: ..\..\test-results\navbar-Navbar-UI-Component-bcdb4--button-has-correct-styling-firefox\error-context.md
]]>
</failure>
<system-out>
<![CDATA[
[[ATTACHMENT|test-results\navbar-Navbar-UI-Component-bcdb4--button-has-correct-styling-firefox\test-failed-1.png]]

[[ATTACHMENT|test-results\navbar-Navbar-UI-Component-bcdb4--button-has-correct-styling-firefox\video.webm]]

[[ATTACHMENT|test-results\navbar-Navbar-UI-Component-bcdb4--button-has-correct-styling-firefox\error-context.md]]
]]>
</system-out>
</testcase>
<testcase name="Navbar UI Components › logout button is NOT emoji" classname="navbar.spec.ts" time="30.081">
<failure message="navbar.spec.ts:33:7 logout button is NOT emoji" type="FAILURE">
<![CDATA[  [firefox] › navbar.spec.ts:33:7 › Navbar UI Components › logout button is NOT emoji ──────────────

    Test timeout of 30000ms exceeded.

    Error: locator.textContent: Test timeout of 30000ms exceeded.
    Call log:
      - waiting for locator('button[title="Sair"]')


      33 |   test('logout button is NOT emoji', async ({ page }) => {
      34 |     const logoutBtn = page.locator('button[title="Sair"]')
    > 35 |     const textContent = await logoutBtn.textContent()
         |                                         ^
      36 |     
      37 |     // Should not contain emoji door
      38 |     expect(textContent).not.toContain('🚪')
        at E:\SENDA\senda-web-app\tests\e2e\navbar.spec.ts:35:41

    attachment #1: screenshot (image/png) ──────────────────────────────────────────────────────────
    ..\..\test-results\navbar-Navbar-UI-Components-logout-button-is-NOT-emoji-firefox\test-failed-1.png
    ────────────────────────────────────────────────────────────────────────────────────────────────

    attachment #2: video (video/webm) ──────────────────────────────────────────────────────────────
    ..\..\test-results\navbar-Navbar-UI-Components-logout-button-is-NOT-emoji-firefox\video.webm
    ────────────────────────────────────────────────────────────────────────────────────────────────

    Error Context: ..\..\test-results\navbar-Navbar-UI-Components-logout-button-is-NOT-emoji-firefox\error-context.md
]]>
</failure>
<system-out>
<![CDATA[
[[ATTACHMENT|test-results\navbar-Navbar-UI-Components-logout-button-is-NOT-emoji-firefox\test-failed-1.png]]

[[ATTACHMENT|test-results\navbar-Navbar-UI-Components-logout-button-is-NOT-emoji-firefox\video.webm]]

[[ATTACHMENT|test-results\navbar-Navbar-UI-Components-logout-button-is-NOT-emoji-firefox\error-context.md]]
]]>
</system-out>
</testcase>
<testcase name="Navbar UI Components › language selector dropdown exists" classname="navbar.spec.ts" time="6.263">
<failure message="navbar.spec.ts:41:7 language selector dropdown exists" type="FAILURE">
<![CDATA[  [firefox] › navbar.spec.ts:41:7 › Navbar UI Components › language selector dropdown exists ───────

    Error: expect(locator).toBeVisible() failed

    Locator: locator('select')
    Expected: visible
    Timeout: 5000ms
    Error: element(s) not found

    Call log:
      - Expect "toBeVisible" with timeout 5000ms
      - waiting for locator('select')
        - waiting for" http://localhost:3000/home/client" navigation to finish...
        - navigated to "http://localhost:3000/auth/signin"


      41 |   test('language selector dropdown exists', async ({ page }) => {
      42 |     const langSelector = page.locator('select')
    > 43 |     await expect(langSelector).toBeVisible()
         |                                ^
      44 |     
      45 |     // Should have options
      46 |     const options = page.locator('select option')
        at E:\SENDA\senda-web-app\tests\e2e\navbar.spec.ts:43:32

    attachment #1: screenshot (image/png) ──────────────────────────────────────────────────────────
    ..\..\test-results\navbar-Navbar-UI-Component-b3e47-ge-selector-dropdown-exists-firefox\test-failed-1.png
    ────────────────────────────────────────────────────────────────────────────────────────────────

    attachment #2: video (video/webm) ──────────────────────────────────────────────────────────────
    ..\..\test-results\navbar-Navbar-UI-Component-b3e47-ge-selector-dropdown-exists-firefox\video.webm
    ────────────────────────────────────────────────────────────────────────────────────────────────

    Error Context: ..\..\test-results\navbar-Navbar-UI-Component-b3e47-ge-selector-dropdown-exists-firefox\error-context.md
]]>
</failure>
<system-out>
<![CDATA[
[[ATTACHMENT|test-results\navbar-Navbar-UI-Component-b3e47-ge-selector-dropdown-exists-firefox\test-failed-1.png]]

[[ATTACHMENT|test-results\navbar-Navbar-UI-Component-b3e47-ge-selector-dropdown-exists-firefox\video.webm]]

[[ATTACHMENT|test-results\navbar-Navbar-UI-Component-b3e47-ge-selector-dropdown-exists-firefox\error-context.md]]
]]>
</system-out>
</testcase>
<testcase name="Navbar UI Components › language selector has all supported languages" classname="navbar.spec.ts" time="6.12">
<failure message="navbar.spec.ts:51:7 language selector has all supported languages" type="FAILURE">
<![CDATA[  [firefox] › navbar.spec.ts:51:7 › Navbar UI Components › language selector has all supported languages 

    Error: expect(locator).toBeVisible() failed

    Locator: locator('select option[value="pt"]')
    Expected: visible
    Timeout: 5000ms
    Error: element(s) not found

    Call log:
      - Expect "toBeVisible" with timeout 5000ms
      - waiting for locator('select option[value="pt"]')
        - waiting for" http://localhost:3000/auth/signin" navigation to finish...
        - navigated to "http://localhost:3000/auth/signin"


      55 |     for (const lang of languages) {
      56 |       const option = page.locator(`select option[value="${lang}"]`)
    > 57 |       await expect(option).toBeVisible()
         |                            ^
      58 |     }
      59 |   })
      60 |
        at E:\SENDA\senda-web-app\tests\e2e\navbar.spec.ts:57:28

    attachment #1: screenshot (image/png) ──────────────────────────────────────────────────────────
    ..\..\test-results\navbar-Navbar-UI-Component-bd82a-has-all-supported-languages-firefox\test-failed-1.png
    ────────────────────────────────────────────────────────────────────────────────────────────────

    attachment #2: video (video/webm) ──────────────────────────────────────────────────────────────
    ..\..\test-results\navbar-Navbar-UI-Component-bd82a-has-all-supported-languages-firefox\video.webm
    ────────────────────────────────────────────────────────────────────────────────────────────────

    Error Context: ..\..\test-results\navbar-Navbar-UI-Component-bd82a-has-all-supported-languages-firefox\error-context.md
]]>
</failure>
<system-out>
<![CDATA[
[[ATTACHMENT|test-results\navbar-Navbar-UI-Component-bd82a-has-all-supported-languages-firefox\test-failed-1.png]]

[[ATTACHMENT|test-results\navbar-Navbar-UI-Component-bd82a-has-all-supported-languages-firefox\video.webm]]

[[ATTACHMENT|test-results\navbar-Navbar-UI-Component-bd82a-has-all-supported-languages-firefox\error-context.md]]
]]>
</system-out>
</testcase>
<testcase name="Navbar UI Components › avatar button links to profile" classname="navbar.spec.ts" time="6.077">
<failure message="navbar.spec.ts:61:7 avatar button links to profile" type="FAILURE">
<![CDATA[  [firefox] › navbar.spec.ts:61:7 › Navbar UI Components › avatar button links to profile ──────────

    Error: expect(locator).toBeVisible() failed

    Locator: locator('a[href="/profile"]')
    Expected: visible
    Timeout: 5000ms
    Error: element(s) not found

    Call log:
      - Expect "toBeVisible" with timeout 5000ms
      - waiting for locator('a[href="/profile"]')
        - waiting for" http://localhost:3000/auth/signin" navigation to finish...
        - navigated to "http://localhost:3000/auth/signin"


      64 |     
      65 |     // Should be visible
    > 66 |     await expect(avatarLink).toBeVisible()
         |                              ^
      67 |     
      68 |     // Should have correct styling (gradient)
      69 |     const styles = await avatarLink.getAttribute('class')
        at E:\SENDA\senda-web-app\tests\e2e\navbar.spec.ts:66:30

    attachment #1: screenshot (image/png) ──────────────────────────────────────────────────────────
    ..\..\test-results\navbar-Navbar-UI-Components-avatar-button-links-to-profile-firefox\test-failed-1.png
    ────────────────────────────────────────────────────────────────────────────────────────────────

    attachment #2: video (video/webm) ──────────────────────────────────────────────────────────────
    ..\..\test-results\navbar-Navbar-UI-Components-avatar-button-links-to-profile-firefox\video.webm
    ────────────────────────────────────────────────────────────────────────────────────────────────

    Error Context: ..\..\test-results\navbar-Navbar-UI-Components-avatar-button-links-to-profile-firefox\error-context.md
]]>
</failure>
<system-out>
<![CDATA[
[[ATTACHMENT|test-results\navbar-Navbar-UI-Components-avatar-button-links-to-profile-firefox\test-failed-1.png]]

[[ATTACHMENT|test-results\navbar-Navbar-UI-Components-avatar-button-links-to-profile-firefox\video.webm]]

[[ATTACHMENT|test-results\navbar-Navbar-UI-Components-avatar-button-links-to-profile-firefox\error-context.md]]
]]>
</system-out>
</testcase>
<testcase name="Navbar UI Components › avatar shows user initial or avatar image" classname="navbar.spec.ts" time="30.077">
<failure message="navbar.spec.ts:73:7 avatar shows user initial or avatar image" type="FAILURE">
<![CDATA[  [firefox] › navbar.spec.ts:73:7 › Navbar UI Components › avatar shows user initial or avatar image 

    Test timeout of 30000ms exceeded.

    Error: locator.textContent: Test timeout of 30000ms exceeded.
    Call log:
      - waiting for locator('a[href="/profile"]')


      80 |     if (!imgVisible) {
      81 |       // Should have text (user initial)
    > 82 |       const textContent = await avatarLink.textContent()
         |                                            ^
      83 |       expect(textContent?.length).toBeGreaterThan(0)
      84 |     }
      85 |   })
        at E:\SENDA\senda-web-app\tests\e2e\navbar.spec.ts:82:44

    attachment #1: screenshot (image/png) ──────────────────────────────────────────────────────────
    ..\..\test-results\navbar-Navbar-UI-Component-ba2a7-ser-initial-or-avatar-image-firefox\test-failed-1.png
    ────────────────────────────────────────────────────────────────────────────────────────────────

    attachment #2: video (video/webm) ──────────────────────────────────────────────────────────────
    ..\..\test-results\navbar-Navbar-UI-Component-ba2a7-ser-initial-or-avatar-image-firefox\video.webm
    ────────────────────────────────────────────────────────────────────────────────────────────────

    Error Context: ..\..\test-results\navbar-Navbar-UI-Component-ba2a7-ser-initial-or-avatar-image-firefox\error-context.md
]]>
</failure>
<system-out>
<![CDATA[
[[ATTACHMENT|test-results\navbar-Navbar-UI-Component-ba2a7-ser-initial-or-avatar-image-firefox\test-failed-1.png]]

[[ATTACHMENT|test-results\navbar-Navbar-UI-Component-ba2a7-ser-initial-or-avatar-image-firefox\video.webm]]

[[ATTACHMENT|test-results\navbar-Navbar-UI-Component-ba2a7-ser-initial-or-avatar-image-firefox\error-context.md]]
]]>
</system-out>
</testcase>
<testcase name="Navbar UI Components › navigation links have correct active state styling" classname="navbar.spec.ts" time="2.114">
<failure message="navbar.spec.ts:87:7 navigation links have correct active state styling" type="FAILURE">
<![CDATA[  [firefox] › navbar.spec.ts:87:7 › Navbar UI Components › navigation links have correct active state styling 

    Error: expect(received).toBeGreaterThan(expected)

    Expected: > 0
    Received:   0

      91 |     
      92 |     // Should have at least one active link
    > 93 |     expect(activeCount).toBeGreaterThan(0)
         |                         ^
      94 |   })
      95 | })
      96 |
        at E:\SENDA\senda-web-app\tests\e2e\navbar.spec.ts:93:25

    attachment #1: screenshot (image/png) ──────────────────────────────────────────────────────────
    ..\..\test-results\navbar-Navbar-UI-Component-a99d9-orrect-active-state-styling-firefox\test-failed-1.png
    ────────────────────────────────────────────────────────────────────────────────────────────────

    attachment #2: video (video/webm) ──────────────────────────────────────────────────────────────
    ..\..\test-results\navbar-Navbar-UI-Component-a99d9-orrect-active-state-styling-firefox\video.webm
    ────────────────────────────────────────────────────────────────────────────────────────────────

    Error Context: ..\..\test-results\navbar-Navbar-UI-Component-a99d9-orrect-active-state-styling-firefox\error-context.md
]]>
</failure>
<system-out>
<![CDATA[
[[ATTACHMENT|test-results\navbar-Navbar-UI-Component-a99d9-orrect-active-state-styling-firefox\test-failed-1.png]]

[[ATTACHMENT|test-results\navbar-Navbar-UI-Component-a99d9-orrect-active-state-styling-firefox\video.webm]]

[[ATTACHMENT|test-results\navbar-Navbar-UI-Component-a99d9-orrect-active-state-styling-firefox\error-context.md]]
]]>
</system-out>
</testcase>
<testcase name="Language Switching Functionality › changing language updates page language" classname="navbar.spec.ts" time="30.105">
<failure message="navbar.spec.ts:98:7 changing language updates page language" type="FAILURE">
<![CDATA[  [firefox] › navbar.spec.ts:98:7 › Language Switching Functionality › changing language updates page language 

    Test timeout of 30000ms exceeded.

    Error: locator.selectOption: Test timeout of 30000ms exceeded.
    Call log:
      - waiting for locator('select')


      105 |     // Change language
      106 |     const langSelector = page.locator('select')
    > 107 |     await langSelector.selectOption('en')
          |                        ^
      108 |     
      109 |     // Language should update
      110 |     const newLang = await page.getAttribute('html', 'lang')
        at E:\SENDA\senda-web-app\tests\e2e\navbar.spec.ts:107:24

    attachment #1: screenshot (image/png) ──────────────────────────────────────────────────────────
    ..\..\test-results\navbar-Language-Switching--17eb9-guage-updates-page-language-firefox\test-failed-1.png
    ────────────────────────────────────────────────────────────────────────────────────────────────

    attachment #2: video (video/webm) ──────────────────────────────────────────────────────────────
    ..\..\test-results\navbar-Language-Switching--17eb9-guage-updates-page-language-firefox\video.webm
    ────────────────────────────────────────────────────────────────────────────────────────────────

    Error Context: ..\..\test-results\navbar-Language-Switching--17eb9-guage-updates-page-language-firefox\error-context.md
]]>
</failure>
<system-out>
<![CDATA[
[[ATTACHMENT|test-results\navbar-Language-Switching--17eb9-guage-updates-page-language-firefox\test-failed-1.png]]

[[ATTACHMENT|test-results\navbar-Language-Switching--17eb9-guage-updates-page-language-firefox\video.webm]]

[[ATTACHMENT|test-results\navbar-Language-Switching--17eb9-guage-updates-page-language-firefox\error-context.md]]
]]>
</system-out>
</testcase>
<testcase name="Language Switching Functionality › language preference persists in localStorage" classname="navbar.spec.ts" time="30.1">
<failure message="navbar.spec.ts:114:7 language preference persists in localStorage" type="FAILURE">
<![CDATA[  [firefox] › navbar.spec.ts:114:7 › Language Switching Functionality › language preference persists in localStorage 

    Test timeout of 30000ms exceeded.

    Error: locator.selectOption: Test timeout of 30000ms exceeded.
    Call log:
      - waiting for locator('select')


      117 |     // Change language
      118 |     const langSelector = page.locator('select')
    > 119 |     await langSelector.selectOption('es')
          |                        ^
      120 |     
      121 |     // Check localStorage
      122 |     const lang = await page.evaluate(() => 
        at E:\SENDA\senda-web-app\tests\e2e\navbar.spec.ts:119:24

    attachment #1: screenshot (image/png) ──────────────────────────────────────────────────────────
    ..\..\test-results\navbar-Language-Switching--08579-ce-persists-in-localStorage-firefox\test-failed-1.png
    ────────────────────────────────────────────────────────────────────────────────────────────────

    attachment #2: video (video/webm) ──────────────────────────────────────────────────────────────
    ..\..\test-results\navbar-Language-Switching--08579-ce-persists-in-localStorage-firefox\video.webm
    ────────────────────────────────────────────────────────────────────────────────────────────────

    Error Context: ..\..\test-results\navbar-Language-Switching--08579-ce-persists-in-localStorage-firefox\error-context.md
]]>
</failure>
<system-out>
<![CDATA[
[[ATTACHMENT|test-results\navbar-Language-Switching--08579-ce-persists-in-localStorage-firefox\test-failed-1.png]]

[[ATTACHMENT|test-results\navbar-Language-Switching--08579-ce-persists-in-localStorage-firefox\video.webm]]

[[ATTACHMENT|test-results\navbar-Language-Switching--08579-ce-persists-in-localStorage-firefox\error-context.md]]
]]>
</system-out>
</testcase>
<testcase name="Language Switching Functionality › language selector shows current selection" classname="navbar.spec.ts" time="30.085">
<failure message="navbar.spec.ts:128:7 language selector shows current selection" type="FAILURE">
<![CDATA[  [firefox] › navbar.spec.ts:128:7 › Language Switching Functionality › language selector shows current selection 

    Test timeout of 30000ms exceeded.

    Error: locator.inputValue: Test timeout of 30000ms exceeded.
    Call log:
      - waiting for locator('select')


      131 |     // Default should be Portuguese
      132 |     const langSelector = page.locator('select')
    > 133 |     const value = await langSelector.inputValue()
          |                                      ^
      134 |     expect(value).toBe('pt')
      135 |   })
      136 | })
        at E:\SENDA\senda-web-app\tests\e2e\navbar.spec.ts:133:38

    attachment #1: screenshot (image/png) ──────────────────────────────────────────────────────────
    ..\..\test-results\navbar-Language-Switching--9c7eb-tor-shows-current-selection-firefox\test-failed-1.png
    ────────────────────────────────────────────────────────────────────────────────────────────────

    attachment #2: video (video/webm) ──────────────────────────────────────────────────────────────
    ..\..\test-results\navbar-Language-Switching--9c7eb-tor-shows-current-selection-firefox\video.webm
    ────────────────────────────────────────────────────────────────────────────────────────────────

    Error Context: ..\..\test-results\navbar-Language-Switching--9c7eb-tor-shows-current-selection-firefox\error-context.md
]]>
</failure>
<system-out>
<![CDATA[
[[ATTACHMENT|test-results\navbar-Language-Switching--9c7eb-tor-shows-current-selection-firefox\test-failed-1.png]]

[[ATTACHMENT|test-results\navbar-Language-Switching--9c7eb-tor-shows-current-selection-firefox\video.webm]]

[[ATTACHMENT|test-results\navbar-Language-Switching--9c7eb-tor-shows-current-selection-firefox\error-context.md]]
]]>
</system-out>
</testcase>
<testcase name="Authentication &amp; Logout › logout button is disabled/hidden when not authenticated" classname="navbar.spec.ts" time="1.707">
</testcase>
<testcase name="Authentication &amp; Logout › profile link requires authentication" classname="navbar.spec.ts" time="2.197">
</testcase>
</testsuite>
<testsuite name="pages.spec.ts" timestamp="2026-01-04T03:21:31.854Z" hostname="firefox" tests="13" failures="7" skipped="0" time="48.379" errors="0">
<testcase name="Authentication Flow › signup page is accessible" classname="pages.spec.ts" time="1.22">
</testcase>
<testcase name="Authentication Flow › signin page is accessible" classname="pages.spec.ts" time="1.118">
</testcase>
<testcase name="Authentication Flow › role selection page exists" classname="pages.spec.ts" time="0.913">
<failure message="pages.spec.ts:21:7 role selection page exists" type="FAILURE">
<![CDATA[  [firefox] › pages.spec.ts:21:7 › Authentication Flow › role selection page exists ────────────────

    Error: expect(received).toBeGreaterThan(expected)

    Expected: > 0
    Received:   0

      24 |     const roleOptions = page.locator('button, [role="button"]')
      25 |     const count = await roleOptions.count()
    > 26 |     expect(count).toBeGreaterThan(0)
         |                   ^
      27 |   })
      28 | })
      29 |
        at E:\SENDA\senda-web-app\tests\e2e\pages.spec.ts:26:19

    attachment #1: screenshot (image/png) ──────────────────────────────────────────────────────────
    ..\..\test-results\pages-Authentication-Flow-role-selection-page-exists-firefox\test-failed-1.png
    ────────────────────────────────────────────────────────────────────────────────────────────────

    attachment #2: video (video/webm) ──────────────────────────────────────────────────────────────
    ..\..\test-results\pages-Authentication-Flow-role-selection-page-exists-firefox\video.webm
    ────────────────────────────────────────────────────────────────────────────────────────────────

    Error Context: ..\..\test-results\pages-Authentication-Flow-role-selection-page-exists-firefox\error-context.md
]]>
</failure>
<system-out>
<![CDATA[
[[ATTACHMENT|test-results\pages-Authentication-Flow-role-selection-page-exists-firefox\test-failed-1.png]]

[[ATTACHMENT|test-results\pages-Authentication-Flow-role-selection-page-exists-firefox\video.webm]]

[[ATTACHMENT|test-results\pages-Authentication-Flow-role-selection-page-exists-firefox\error-context.md]]
]]>
</system-out>
</testcase>
<testcase name="Legal Pages › privacy policy page is accessible" classname="pages.spec.ts" time="5.938">
<failure message="pages.spec.ts:31:7 privacy policy page is accessible" type="FAILURE">
<![CDATA[  [firefox] › pages.spec.ts:31:7 › Legal Pages › privacy policy page is accessible ─────────────────

    Error: expect(locator).toBeVisible() failed

    Locator: locator('main, [role="main"]')
    Expected: visible
    Timeout: 5000ms
    Error: element(s) not found

    Call log:
      - Expect "toBeVisible" with timeout 5000ms
      - waiting for locator('main, [role="main"]')


      33 |     
      34 |     const content = page.locator('main, [role="main"]')
    > 35 |     await expect(content).toBeVisible()
         |                           ^
      36 |   })
      37 |
      38 |   test('terms page is accessible', async ({ page }) => {
        at E:\SENDA\senda-web-app\tests\e2e\pages.spec.ts:35:27

    attachment #1: screenshot (image/png) ──────────────────────────────────────────────────────────
    ..\..\test-results\pages-Legal-Pages-privacy-policy-page-is-accessible-firefox\test-failed-1.png
    ────────────────────────────────────────────────────────────────────────────────────────────────

    attachment #2: video (video/webm) ──────────────────────────────────────────────────────────────
    ..\..\test-results\pages-Legal-Pages-privacy-policy-page-is-accessible-firefox\video.webm
    ────────────────────────────────────────────────────────────────────────────────────────────────

    Error Context: ..\..\test-results\pages-Legal-Pages-privacy-policy-page-is-accessible-firefox\error-context.md
]]>
</failure>
<system-out>
<![CDATA[
[[ATTACHMENT|test-results\pages-Legal-Pages-privacy-policy-page-is-accessible-firefox\test-failed-1.png]]

[[ATTACHMENT|test-results\pages-Legal-Pages-privacy-policy-page-is-accessible-firefox\video.webm]]

[[ATTACHMENT|test-results\pages-Legal-Pages-privacy-policy-page-is-accessible-firefox\error-context.md]]
]]>
</system-out>
</testcase>
<testcase name="Legal Pages › terms page is accessible" classname="pages.spec.ts" time="6.387">
<failure message="pages.spec.ts:38:7 terms page is accessible" type="FAILURE">
<![CDATA[  [firefox] › pages.spec.ts:38:7 › Legal Pages › terms page is accessible ──────────────────────────

    Error: expect(locator).toBeVisible() failed

    Locator: locator('main, [role="main"]')
    Expected: visible
    Timeout: 5000ms
    Error: element(s) not found

    Call log:
      - Expect "toBeVisible" with timeout 5000ms
      - waiting for locator('main, [role="main"]')


      40 |     
      41 |     const content = page.locator('main, [role="main"]')
    > 42 |     await expect(content).toBeVisible()
         |                           ^
      43 |   })
      44 |
      45 |   test('cancellation policy page is accessible', async ({ page }) => {
        at E:\SENDA\senda-web-app\tests\e2e\pages.spec.ts:42:27

    attachment #1: screenshot (image/png) ──────────────────────────────────────────────────────────
    ..\..\test-results\pages-Legal-Pages-terms-page-is-accessible-firefox\test-failed-1.png
    ────────────────────────────────────────────────────────────────────────────────────────────────

    attachment #2: video (video/webm) ──────────────────────────────────────────────────────────────
    ..\..\test-results\pages-Legal-Pages-terms-page-is-accessible-firefox\video.webm
    ────────────────────────────────────────────────────────────────────────────────────────────────

    Error Context: ..\..\test-results\pages-Legal-Pages-terms-page-is-accessible-firefox\error-context.md
]]>
</failure>
<system-out>
<![CDATA[
[[ATTACHMENT|test-results\pages-Legal-Pages-terms-page-is-accessible-firefox\test-failed-1.png]]

[[ATTACHMENT|test-results\pages-Legal-Pages-terms-page-is-accessible-firefox\video.webm]]

[[ATTACHMENT|test-results\pages-Legal-Pages-terms-page-is-accessible-firefox\error-context.md]]
]]>
</system-out>
</testcase>
<testcase name="Legal Pages › cancellation policy page is accessible" classname="pages.spec.ts" time="6.52">
<failure message="pages.spec.ts:45:7 cancellation policy page is accessible" type="FAILURE">
<![CDATA[  [firefox] › pages.spec.ts:45:7 › Legal Pages › cancellation policy page is accessible ────────────

    Error: expect(locator).toBeVisible() failed

    Locator: locator('main, [role="main"]')
    Expected: visible
    Timeout: 5000ms
    Error: element(s) not found

    Call log:
      - Expect "toBeVisible" with timeout 5000ms
      - waiting for locator('main, [role="main"]')


      47 |     
      48 |     const content = page.locator('main, [role="main"]')
    > 49 |     await expect(content).toBeVisible()
         |                           ^
      50 |   })
      51 |
      52 |   test('payment terms page is accessible', async ({ page }) => {
        at E:\SENDA\senda-web-app\tests\e2e\pages.spec.ts:49:27

    attachment #1: screenshot (image/png) ──────────────────────────────────────────────────────────
    ..\..\test-results\pages-Legal-Pages-cancellation-policy-page-is-accessible-firefox\test-failed-1.png
    ────────────────────────────────────────────────────────────────────────────────────────────────

    attachment #2: video (video/webm) ──────────────────────────────────────────────────────────────
    ..\..\test-results\pages-Legal-Pages-cancellation-policy-page-is-accessible-firefox\video.webm
    ────────────────────────────────────────────────────────────────────────────────────────────────

    Error Context: ..\..\test-results\pages-Legal-Pages-cancellation-policy-page-is-accessible-firefox\error-context.md
]]>
</failure>
<system-out>
<![CDATA[
[[ATTACHMENT|test-results\pages-Legal-Pages-cancellation-policy-page-is-accessible-firefox\test-failed-1.png]]

[[ATTACHMENT|test-results\pages-Legal-Pages-cancellation-policy-page-is-accessible-firefox\video.webm]]

[[ATTACHMENT|test-results\pages-Legal-Pages-cancellation-policy-page-is-accessible-firefox\error-context.md]]
]]>
</system-out>
</testcase>
<testcase name="Legal Pages › payment terms page is accessible" classname="pages.spec.ts" time="6.487">
<failure message="pages.spec.ts:52:7 payment terms page is accessible" type="FAILURE">
<![CDATA[  [firefox] › pages.spec.ts:52:7 › Legal Pages › payment terms page is accessible ──────────────────

    Error: expect(locator).toBeVisible() failed

    Locator: locator('main, [role="main"]')
    Expected: visible
    Timeout: 5000ms
    Error: element(s) not found

    Call log:
      - Expect "toBeVisible" with timeout 5000ms
      - waiting for locator('main, [role="main"]')


      54 |     
      55 |     const content = page.locator('main, [role="main"]')
    > 56 |     await expect(content).toBeVisible()
         |                           ^
      57 |   })
      58 | })
      59 |
        at E:\SENDA\senda-web-app\tests\e2e\pages.spec.ts:56:27

    attachment #1: screenshot (image/png) ──────────────────────────────────────────────────────────
    ..\..\test-results\pages-Legal-Pages-payment-terms-page-is-accessible-firefox\test-failed-1.png
    ────────────────────────────────────────────────────────────────────────────────────────────────

    attachment #2: video (video/webm) ──────────────────────────────────────────────────────────────
    ..\..\test-results\pages-Legal-Pages-payment-terms-page-is-accessible-firefox\video.webm
    ────────────────────────────────────────────────────────────────────────────────────────────────

    Error Context: ..\..\test-results\pages-Legal-Pages-payment-terms-page-is-accessible-firefox\error-context.md
]]>
</failure>
<system-out>
<![CDATA[
[[ATTACHMENT|test-results\pages-Legal-Pages-payment-terms-page-is-accessible-firefox\test-failed-1.png]]

[[ATTACHMENT|test-results\pages-Legal-Pages-payment-terms-page-is-accessible-firefox\video.webm]]

[[ATTACHMENT|test-results\pages-Legal-Pages-payment-terms-page-is-accessible-firefox\error-context.md]]
]]>
</system-out>
</testcase>
<testcase name="Public Pages › home page loads without errors" classname="pages.spec.ts" time="1.474">
</testcase>
<testcase name="Public Pages › explore therapies page is accessible" classname="pages.spec.ts" time="6.866">
<failure message="pages.spec.ts:68:7 explore therapies page is accessible" type="FAILURE">
<![CDATA[  [firefox] › pages.spec.ts:68:7 › Public Pages › explore therapies page is accessible ─────────────

    Error: expect(locator).toBeVisible() failed

    Locator: locator('main, [role="main"]')
    Expected: visible
    Timeout: 5000ms
    Error: element(s) not found

    Call log:
      - Expect "toBeVisible" with timeout 5000ms
      - waiting for locator('main, [role="main"]')


      70 |     
      71 |     const content = page.locator('main, [role="main"]')
    > 72 |     await expect(content).toBeVisible()
         |                           ^
      73 |   })
      74 |
      75 |   test('news page is accessible', async ({ page }) => {
        at E:\SENDA\senda-web-app\tests\e2e\pages.spec.ts:72:27

    attachment #1: screenshot (image/png) ──────────────────────────────────────────────────────────
    ..\..\test-results\pages-Public-Pages-explore-therapies-page-is-accessible-firefox\test-failed-1.png
    ────────────────────────────────────────────────────────────────────────────────────────────────

    attachment #2: video (video/webm) ──────────────────────────────────────────────────────────────
    ..\..\test-results\pages-Public-Pages-explore-therapies-page-is-accessible-firefox\video.webm
    ────────────────────────────────────────────────────────────────────────────────────────────────

    Error Context: ..\..\test-results\pages-Public-Pages-explore-therapies-page-is-accessible-firefox\error-context.md
]]>
</failure>
<system-out>
<![CDATA[
[[ATTACHMENT|test-results\pages-Public-Pages-explore-therapies-page-is-accessible-firefox\test-failed-1.png]]

[[ATTACHMENT|test-results\pages-Public-Pages-explore-therapies-page-is-accessible-firefox\video.webm]]

[[ATTACHMENT|test-results\pages-Public-Pages-explore-therapies-page-is-accessible-firefox\error-context.md]]
]]>
</system-out>
</testcase>
<testcase name="Public Pages › news page is accessible" classname="pages.spec.ts" time="6.88">
<failure message="pages.spec.ts:75:7 news page is accessible" type="FAILURE">
<![CDATA[  [firefox] › pages.spec.ts:75:7 › Public Pages › news page is accessible ──────────────────────────

    Error: expect(locator).toBeVisible() failed

    Locator: locator('main, [role="main"]')
    Expected: visible
    Timeout: 5000ms
    Error: element(s) not found

    Call log:
      - Expect "toBeVisible" with timeout 5000ms
      - waiting for locator('main, [role="main"]')


      77 |     
      78 |     const content = page.locator('main, [role="main"]')
    > 79 |     await expect(content).toBeVisible()
         |                           ^
      80 |   })
      81 | })
      82 |
        at E:\SENDA\senda-web-app\tests\e2e\pages.spec.ts:79:27

    attachment #1: screenshot (image/png) ──────────────────────────────────────────────────────────
    ..\..\test-results\pages-Public-Pages-news-page-is-accessible-firefox\test-failed-1.png
    ────────────────────────────────────────────────────────────────────────────────────────────────

    attachment #2: video (video/webm) ──────────────────────────────────────────────────────────────
    ..\..\test-results\pages-Public-Pages-news-page-is-accessible-firefox\video.webm
    ────────────────────────────────────────────────────────────────────────────────────────────────

    Error Context: ..\..\test-results\pages-Public-Pages-news-page-is-accessible-firefox\error-context.md
]]>
</failure>
<system-out>
<![CDATA[
[[ATTACHMENT|test-results\pages-Public-Pages-news-page-is-accessible-firefox\test-failed-1.png]]

[[ATTACHMENT|test-results\pages-Public-Pages-news-page-is-accessible-firefox\video.webm]]

[[ATTACHMENT|test-results\pages-Public-Pages-news-page-is-accessible-firefox\error-context.md]]
]]>
</system-out>
</testcase>
<testcase name="Error Handling › 404 page is shown for non-existent routes" classname="pages.spec.ts" time="0.936">
</testcase>
<testcase name="Performance › page loads within acceptable time" classname="pages.spec.ts" time="2.468">
</testcase>
<testcase name="Performance › no console errors on page load" classname="pages.spec.ts" time="1.172">
</testcase>
</testsuite>
<testsuite name="navbar.spec.ts" timestamp="2026-01-04T03:21:31.854Z" hostname="webkit" tests="13" failures="11" skipped="0" time="204.524" errors="0">
<testcase name="Navbar UI Components › logout button renders with Lucide LogOut icon" classname="navbar.spec.ts" time="5.618">
<failure message="navbar.spec.ts:10:7 logout button renders with Lucide LogOut icon" type="FAILURE">
<![CDATA[  [webkit] › navbar.spec.ts:10:7 › Navbar UI Components › logout button renders with Lucide LogOut icon 

    Error: expect(locator).toBeVisible() failed

    Locator: locator('button[title="Sair"]')
    Expected: visible
    Timeout: 5000ms
    Error: element(s) not found

    Call log:
      - Expect "toBeVisible" with timeout 5000ms
      - waiting for locator('button[title="Sair"]')
        - waiting for" http://localhost:3000/home/client" navigation to finish...
        - navigated to "http://localhost:3000/auth/signin"


      11 |     // Check if logout button exists
      12 |     const logoutBtn = page.locator('button[title="Sair"]')
    > 13 |     await expect(logoutBtn).toBeVisible()
         |                             ^
      14 |     
      15 |     // Check if it contains an SVG (Lucide icon)
      16 |     const svg = logoutBtn.locator('svg')
        at E:\SENDA\senda-web-app\tests\e2e\navbar.spec.ts:13:29

    attachment #1: screenshot (image/png) ──────────────────────────────────────────────────────────
    ..\..\test-results\navbar-Navbar-UI-Component-46d79-ers-with-Lucide-LogOut-icon-webkit\test-failed-1.png
    ────────────────────────────────────────────────────────────────────────────────────────────────

    attachment #2: video (video/webm) ──────────────────────────────────────────────────────────────
    ..\..\test-results\navbar-Navbar-UI-Component-46d79-ers-with-Lucide-LogOut-icon-webkit\video.webm
    ────────────────────────────────────────────────────────────────────────────────────────────────

    Error Context: ..\..\test-results\navbar-Navbar-UI-Component-46d79-ers-with-Lucide-LogOut-icon-webkit\error-context.md
]]>
</failure>
<system-out>
<![CDATA[
[[ATTACHMENT|test-results\navbar-Navbar-UI-Component-46d79-ers-with-Lucide-LogOut-icon-webkit\test-failed-1.png]]

[[ATTACHMENT|test-results\navbar-Navbar-UI-Component-46d79-ers-with-Lucide-LogOut-icon-webkit\video.webm]]

[[ATTACHMENT|test-results\navbar-Navbar-UI-Component-46d79-ers-with-Lucide-LogOut-icon-webkit\error-context.md]]
]]>
</system-out>
</testcase>
<testcase name="Navbar UI Components › logout button has correct styling" classname="navbar.spec.ts" time="30.189">
<failure message="navbar.spec.ts:20:7 logout button has correct styling" type="FAILURE">
<![CDATA[  [webkit] › navbar.spec.ts:20:7 › Navbar UI Components › logout button has correct styling ────────

    Test timeout of 30000ms exceeded.

    Error: locator.hover: Test timeout of 30000ms exceeded.
    Call log:
      - waiting for locator('button[title="Sair"]')
        - waiting for" http://localhost:3000/home/client" navigation to finish...
        - navigated to "http://localhost:3000/auth/signin"


      22 |     
      23 |     // Check for hover effects
    > 24 |     await logoutBtn.hover()
         |                     ^
      25 |     const styles = await logoutBtn.evaluate(el => 
      26 |       window.getComputedStyle(el).backgroundColor
      27 |     )
        at E:\SENDA\senda-web-app\tests\e2e\navbar.spec.ts:24:21

    attachment #1: screenshot (image/png) ──────────────────────────────────────────────────────────
    ..\..\test-results\navbar-Navbar-UI-Component-bcdb4--button-has-correct-styling-webkit\test-failed-1.png
    ────────────────────────────────────────────────────────────────────────────────────────────────

    attachment #2: video (video/webm) ──────────────────────────────────────────────────────────────
    ..\..\test-results\navbar-Navbar-UI-Component-bcdb4--button-has-correct-styling-webkit\video.webm
    ────────────────────────────────────────────────────────────────────────────────────────────────

    Error Context: ..\..\test-results\navbar-Navbar-UI-Component-bcdb4--button-has-correct-styling-webkit\error-context.md
]]>
</failure>
<system-out>
<![CDATA[
[[ATTACHMENT|test-results\navbar-Navbar-UI-Component-bcdb4--button-has-correct-styling-webkit\test-failed-1.png]]

[[ATTACHMENT|test-results\navbar-Navbar-UI-Component-bcdb4--button-has-correct-styling-webkit\video.webm]]

[[ATTACHMENT|test-results\navbar-Navbar-UI-Component-bcdb4--button-has-correct-styling-webkit\error-context.md]]
]]>
</system-out>
</testcase>
<testcase name="Navbar UI Components › logout button is NOT emoji" classname="navbar.spec.ts" time="30.253">
<failure message="navbar.spec.ts:33:7 logout button is NOT emoji" type="FAILURE">
<![CDATA[  [webkit] › navbar.spec.ts:33:7 › Navbar UI Components › logout button is NOT emoji ───────────────

    Test timeout of 30000ms exceeded.

    Error: locator.textContent: Test timeout of 30000ms exceeded.
    Call log:
      - waiting for locator('button[title="Sair"]')


      33 |   test('logout button is NOT emoji', async ({ page }) => {
      34 |     const logoutBtn = page.locator('button[title="Sair"]')
    > 35 |     const textContent = await logoutBtn.textContent()
         |                                         ^
      36 |     
      37 |     // Should not contain emoji door
      38 |     expect(textContent).not.toContain('🚪')
        at E:\SENDA\senda-web-app\tests\e2e\navbar.spec.ts:35:41

    attachment #1: screenshot (image/png) ──────────────────────────────────────────────────────────
    ..\..\test-results\navbar-Navbar-UI-Components-logout-button-is-NOT-emoji-webkit\test-failed-1.png
    ────────────────────────────────────────────────────────────────────────────────────────────────

    attachment #2: video (video/webm) ──────────────────────────────────────────────────────────────
    ..\..\test-results\navbar-Navbar-UI-Components-logout-button-is-NOT-emoji-webkit\video.webm
    ────────────────────────────────────────────────────────────────────────────────────────────────

    Error Context: ..\..\test-results\navbar-Navbar-UI-Components-logout-button-is-NOT-emoji-webkit\error-context.md
]]>
</failure>
<system-out>
<![CDATA[
[[ATTACHMENT|test-results\navbar-Navbar-UI-Components-logout-button-is-NOT-emoji-webkit\test-failed-1.png]]

[[ATTACHMENT|test-results\navbar-Navbar-UI-Components-logout-button-is-NOT-emoji-webkit\video.webm]]

[[ATTACHMENT|test-results\navbar-Navbar-UI-Components-logout-button-is-NOT-emoji-webkit\error-context.md]]
]]>
</system-out>
</testcase>
<testcase name="Navbar UI Components › language selector dropdown exists" classname="navbar.spec.ts" time="5.299">
<failure message="navbar.spec.ts:41:7 language selector dropdown exists" type="FAILURE">
<![CDATA[  [webkit] › navbar.spec.ts:41:7 › Navbar UI Components › language selector dropdown exists ────────

    Error: expect(locator).toBeVisible() failed

    Locator: locator('select')
    Expected: visible
    Timeout: 5000ms
    Error: element(s) not found

    Call log:
      - Expect "toBeVisible" with timeout 5000ms
      - waiting for locator('select')
        - waiting for" http://localhost:3000/home/client" navigation to finish...
        - navigated to "http://localhost:3000/auth/signin"


      41 |   test('language selector dropdown exists', async ({ page }) => {
      42 |     const langSelector = page.locator('select')
    > 43 |     await expect(langSelector).toBeVisible()
         |                                ^
      44 |     
      45 |     // Should have options
      46 |     const options = page.locator('select option')
        at E:\SENDA\senda-web-app\tests\e2e\navbar.spec.ts:43:32

    attachment #1: screenshot (image/png) ──────────────────────────────────────────────────────────
    ..\..\test-results\navbar-Navbar-UI-Component-b3e47-ge-selector-dropdown-exists-webkit\test-failed-1.png
    ────────────────────────────────────────────────────────────────────────────────────────────────

    attachment #2: video (video/webm) ──────────────────────────────────────────────────────────────
    ..\..\test-results\navbar-Navbar-UI-Component-b3e47-ge-selector-dropdown-exists-webkit\video.webm
    ────────────────────────────────────────────────────────────────────────────────────────────────

    Error Context: ..\..\test-results\navbar-Navbar-UI-Component-b3e47-ge-selector-dropdown-exists-webkit\error-context.md
]]>
</failure>
<system-out>
<![CDATA[
[[ATTACHMENT|test-results\navbar-Navbar-UI-Component-b3e47-ge-selector-dropdown-exists-webkit\test-failed-1.png]]

[[ATTACHMENT|test-results\navbar-Navbar-UI-Component-b3e47-ge-selector-dropdown-exists-webkit\video.webm]]

[[ATTACHMENT|test-results\navbar-Navbar-UI-Component-b3e47-ge-selector-dropdown-exists-webkit\error-context.md]]
]]>
</system-out>
</testcase>
<testcase name="Navbar UI Components › language selector has all supported languages" classname="navbar.spec.ts" time="5.294">
<failure message="navbar.spec.ts:51:7 language selector has all supported languages" type="FAILURE">
<![CDATA[  [webkit] › navbar.spec.ts:51:7 › Navbar UI Components › language selector has all supported languages 

    Error: expect(locator).toBeVisible() failed

    Locator: locator('select option[value="pt"]')
    Expected: visible
    Timeout: 5000ms
    Error: element(s) not found

    Call log:
      - Expect "toBeVisible" with timeout 5000ms
      - waiting for locator('select option[value="pt"]')
        - waiting for" http://localhost:3000/home/client" navigation to finish...
        - navigated to "http://localhost:3000/auth/signin"


      55 |     for (const lang of languages) {
      56 |       const option = page.locator(`select option[value="${lang}"]`)
    > 57 |       await expect(option).toBeVisible()
         |                            ^
      58 |     }
      59 |   })
      60 |
        at E:\SENDA\senda-web-app\tests\e2e\navbar.spec.ts:57:28

    attachment #1: screenshot (image/png) ──────────────────────────────────────────────────────────
    ..\..\test-results\navbar-Navbar-UI-Component-bd82a-has-all-supported-languages-webkit\test-failed-1.png
    ────────────────────────────────────────────────────────────────────────────────────────────────

    attachment #2: video (video/webm) ──────────────────────────────────────────────────────────────
    ..\..\test-results\navbar-Navbar-UI-Component-bd82a-has-all-supported-languages-webkit\video.webm
    ────────────────────────────────────────────────────────────────────────────────────────────────

    Error Context: ..\..\test-results\navbar-Navbar-UI-Component-bd82a-has-all-supported-languages-webkit\error-context.md
]]>
</failure>
<system-out>
<![CDATA[
[[ATTACHMENT|test-results\navbar-Navbar-UI-Component-bd82a-has-all-supported-languages-webkit\test-failed-1.png]]

[[ATTACHMENT|test-results\navbar-Navbar-UI-Component-bd82a-has-all-supported-languages-webkit\video.webm]]

[[ATTACHMENT|test-results\navbar-Navbar-UI-Component-bd82a-has-all-supported-languages-webkit\error-context.md]]
]]>
</system-out>
</testcase>
<testcase name="Navbar UI Components › avatar button links to profile" classname="navbar.spec.ts" time="5.294">
<failure message="navbar.spec.ts:61:7 avatar button links to profile" type="FAILURE">
<![CDATA[  [webkit] › navbar.spec.ts:61:7 › Navbar UI Components › avatar button links to profile ───────────

    Error: expect(locator).toBeVisible() failed

    Locator: locator('a[href="/profile"]')
    Expected: visible
    Timeout: 5000ms
    Error: element(s) not found

    Call log:
      - Expect "toBeVisible" with timeout 5000ms
      - waiting for locator('a[href="/profile"]')
        - waiting for" http://localhost:3000/home/client" navigation to finish...
        - navigated to "http://localhost:3000/auth/signin"


      64 |     
      65 |     // Should be visible
    > 66 |     await expect(avatarLink).toBeVisible()
         |                              ^
      67 |     
      68 |     // Should have correct styling (gradient)
      69 |     const styles = await avatarLink.getAttribute('class')
        at E:\SENDA\senda-web-app\tests\e2e\navbar.spec.ts:66:30

    attachment #1: screenshot (image/png) ──────────────────────────────────────────────────────────
    ..\..\test-results\navbar-Navbar-UI-Components-avatar-button-links-to-profile-webkit\test-failed-1.png
    ────────────────────────────────────────────────────────────────────────────────────────────────

    attachment #2: video (video/webm) ──────────────────────────────────────────────────────────────
    ..\..\test-results\navbar-Navbar-UI-Components-avatar-button-links-to-profile-webkit\video.webm
    ────────────────────────────────────────────────────────────────────────────────────────────────

    Error Context: ..\..\test-results\navbar-Navbar-UI-Components-avatar-button-links-to-profile-webkit\error-context.md
]]>
</failure>
<system-out>
<![CDATA[
[[ATTACHMENT|test-results\navbar-Navbar-UI-Components-avatar-button-links-to-profile-webkit\test-failed-1.png]]

[[ATTACHMENT|test-results\navbar-Navbar-UI-Components-avatar-button-links-to-profile-webkit\video.webm]]

[[ATTACHMENT|test-results\navbar-Navbar-UI-Components-avatar-button-links-to-profile-webkit\error-context.md]]
]]>
</system-out>
</testcase>
<testcase name="Navbar UI Components › avatar shows user initial or avatar image" classname="navbar.spec.ts" time="30.169">
<failure message="navbar.spec.ts:73:7 avatar shows user initial or avatar image" type="FAILURE">
<![CDATA[  [webkit] › navbar.spec.ts:73:7 › Navbar UI Components › avatar shows user initial or avatar image 

    Test timeout of 30000ms exceeded.

    Error: locator.textContent: Test timeout of 30000ms exceeded.
    Call log:
      - waiting for locator('a[href="/profile"]')


      80 |     if (!imgVisible) {
      81 |       // Should have text (user initial)
    > 82 |       const textContent = await avatarLink.textContent()
         |                                            ^
      83 |       expect(textContent?.length).toBeGreaterThan(0)
      84 |     }
      85 |   })
        at E:\SENDA\senda-web-app\tests\e2e\navbar.spec.ts:82:44

    attachment #1: screenshot (image/png) ──────────────────────────────────────────────────────────
    ..\..\test-results\navbar-Navbar-UI-Component-ba2a7-ser-initial-or-avatar-image-webkit\test-failed-1.png
    ────────────────────────────────────────────────────────────────────────────────────────────────

    attachment #2: video (video/webm) ──────────────────────────────────────────────────────────────
    ..\..\test-results\navbar-Navbar-UI-Component-ba2a7-ser-initial-or-avatar-image-webkit\video.webm
    ────────────────────────────────────────────────────────────────────────────────────────────────

    Error Context: ..\..\test-results\navbar-Navbar-UI-Component-ba2a7-ser-initial-or-avatar-image-webkit\error-context.md
]]>
</failure>
<system-out>
<![CDATA[
[[ATTACHMENT|test-results\navbar-Navbar-UI-Component-ba2a7-ser-initial-or-avatar-image-webkit\test-failed-1.png]]

[[ATTACHMENT|test-results\navbar-Navbar-UI-Component-ba2a7-ser-initial-or-avatar-image-webkit\video.webm]]

[[ATTACHMENT|test-results\navbar-Navbar-UI-Component-ba2a7-ser-initial-or-avatar-image-webkit\error-context.md]]
]]>
</system-out>
</testcase>
<testcase name="Navbar UI Components › navigation links have correct active state styling" classname="navbar.spec.ts" time="0.244">
<failure message="navbar.spec.ts:87:7 navigation links have correct active state styling" type="FAILURE">
<![CDATA[  [webkit] › navbar.spec.ts:87:7 › Navbar UI Components › navigation links have correct active state styling 

    Error: expect(received).toBeGreaterThan(expected)

    Expected: > 0
    Received:   0

      91 |     
      92 |     // Should have at least one active link
    > 93 |     expect(activeCount).toBeGreaterThan(0)
         |                         ^
      94 |   })
      95 | })
      96 |
        at E:\SENDA\senda-web-app\tests\e2e\navbar.spec.ts:93:25

    Error: page.goto: Test ended.
    Call log:
      - navigating to "http://localhost:3000/home/client", waiting until "load"


       5 |     // Assuming we have a test account
       6 |     // This would need proper test credentials
    >  7 |     page.goto('http://localhost:3000/home/client')
         |          ^
       8 |   })
       9 |
      10 |   test('logout button renders with Lucide LogOut icon', async ({ page }) => {
        at E:\SENDA\senda-web-app\tests\e2e\navbar.spec.ts:7:10

    attachment #1: screenshot (image/png) ──────────────────────────────────────────────────────────
    ..\..\test-results\navbar-Navbar-UI-Component-a99d9-orrect-active-state-styling-webkit\test-failed-1.png
    ────────────────────────────────────────────────────────────────────────────────────────────────

    attachment #2: video (video/webm) ──────────────────────────────────────────────────────────────
    ..\..\test-results\navbar-Navbar-UI-Component-a99d9-orrect-active-state-styling-webkit\video.webm
    ────────────────────────────────────────────────────────────────────────────────────────────────
]]>
</failure>
<system-out>
<![CDATA[
[[ATTACHMENT|test-results\navbar-Navbar-UI-Component-a99d9-orrect-active-state-styling-webkit\test-failed-1.png]]

[[ATTACHMENT|test-results\navbar-Navbar-UI-Component-a99d9-orrect-active-state-styling-webkit\video.webm]]
]]>
</system-out>
</testcase>
<testcase name="Language Switching Functionality › changing language updates page language" classname="navbar.spec.ts" time="30.154">
<failure message="navbar.spec.ts:98:7 changing language updates page language" type="FAILURE">
<![CDATA[  [webkit] › navbar.spec.ts:98:7 › Language Switching Functionality › changing language updates page language 

    Test timeout of 30000ms exceeded.

    Error: locator.selectOption: Test timeout of 30000ms exceeded.
    Call log:
      - waiting for locator('select')


      105 |     // Change language
      106 |     const langSelector = page.locator('select')
    > 107 |     await langSelector.selectOption('en')
          |                        ^
      108 |     
      109 |     // Language should update
      110 |     const newLang = await page.getAttribute('html', 'lang')
        at E:\SENDA\senda-web-app\tests\e2e\navbar.spec.ts:107:24

    attachment #1: screenshot (image/png) ──────────────────────────────────────────────────────────
    ..\..\test-results\navbar-Language-Switching--17eb9-guage-updates-page-language-webkit\test-failed-1.png
    ────────────────────────────────────────────────────────────────────────────────────────────────

    attachment #2: video (video/webm) ──────────────────────────────────────────────────────────────
    ..\..\test-results\navbar-Language-Switching--17eb9-guage-updates-page-language-webkit\video.webm
    ────────────────────────────────────────────────────────────────────────────────────────────────

    Error Context: ..\..\test-results\navbar-Language-Switching--17eb9-guage-updates-page-language-webkit\error-context.md
]]>
</failure>
<system-out>
<![CDATA[
[[ATTACHMENT|test-results\navbar-Language-Switching--17eb9-guage-updates-page-language-webkit\test-failed-1.png]]

[[ATTACHMENT|test-results\navbar-Language-Switching--17eb9-guage-updates-page-language-webkit\video.webm]]

[[ATTACHMENT|test-results\navbar-Language-Switching--17eb9-guage-updates-page-language-webkit\error-context.md]]
]]>
</system-out>
</testcase>
<testcase name="Language Switching Functionality › language preference persists in localStorage" classname="navbar.spec.ts" time="30.161">
<failure message="navbar.spec.ts:114:7 language preference persists in localStorage" type="FAILURE">
<![CDATA[  [webkit] › navbar.spec.ts:114:7 › Language Switching Functionality › language preference persists in localStorage 

    Test timeout of 30000ms exceeded.

    Error: locator.selectOption: Test timeout of 30000ms exceeded.
    Call log:
      - waiting for locator('select')


      117 |     // Change language
      118 |     const langSelector = page.locator('select')
    > 119 |     await langSelector.selectOption('es')
          |                        ^
      120 |     
      121 |     // Check localStorage
      122 |     const lang = await page.evaluate(() => 
        at E:\SENDA\senda-web-app\tests\e2e\navbar.spec.ts:119:24

    attachment #1: screenshot (image/png) ──────────────────────────────────────────────────────────
    ..\..\test-results\navbar-Language-Switching--08579-ce-persists-in-localStorage-webkit\test-failed-1.png
    ────────────────────────────────────────────────────────────────────────────────────────────────

    attachment #2: video (video/webm) ──────────────────────────────────────────────────────────────
    ..\..\test-results\navbar-Language-Switching--08579-ce-persists-in-localStorage-webkit\video.webm
    ────────────────────────────────────────────────────────────────────────────────────────────────

    Error Context: ..\..\test-results\navbar-Language-Switching--08579-ce-persists-in-localStorage-webkit\error-context.md
]]>
</failure>
<system-out>
<![CDATA[
[[ATTACHMENT|test-results\navbar-Language-Switching--08579-ce-persists-in-localStorage-webkit\test-failed-1.png]]

[[ATTACHMENT|test-results\navbar-Language-Switching--08579-ce-persists-in-localStorage-webkit\video.webm]]

[[ATTACHMENT|test-results\navbar-Language-Switching--08579-ce-persists-in-localStorage-webkit\error-context.md]]
]]>
</system-out>
</testcase>
<testcase name="Language Switching Functionality › language selector shows current selection" classname="navbar.spec.ts" time="30.17">
<failure message="navbar.spec.ts:128:7 language selector shows current selection" type="FAILURE">
<![CDATA[  [webkit] › navbar.spec.ts:128:7 › Language Switching Functionality › language selector shows current selection 

    Test timeout of 30000ms exceeded.

    Error: locator.inputValue: Test timeout of 30000ms exceeded.
    Call log:
      - waiting for locator('select')


      131 |     // Default should be Portuguese
      132 |     const langSelector = page.locator('select')
    > 133 |     const value = await langSelector.inputValue()
          |                                      ^
      134 |     expect(value).toBe('pt')
      135 |   })
      136 | })
        at E:\SENDA\senda-web-app\tests\e2e\navbar.spec.ts:133:38

    attachment #1: screenshot (image/png) ──────────────────────────────────────────────────────────
    ..\..\test-results\navbar-Language-Switching--9c7eb-tor-shows-current-selection-webkit\test-failed-1.png
    ────────────────────────────────────────────────────────────────────────────────────────────────

    attachment #2: video (video/webm) ──────────────────────────────────────────────────────────────
    ..\..\test-results\navbar-Language-Switching--9c7eb-tor-shows-current-selection-webkit\video.webm
    ────────────────────────────────────────────────────────────────────────────────────────────────

    Error Context: ..\..\test-results\navbar-Language-Switching--9c7eb-tor-shows-current-selection-webkit\error-context.md
]]>
</failure>
<system-out>
<![CDATA[
[[ATTACHMENT|test-results\navbar-Language-Switching--9c7eb-tor-shows-current-selection-webkit\test-failed-1.png]]

[[ATTACHMENT|test-results\navbar-Language-Switching--9c7eb-tor-shows-current-selection-webkit\video.webm]]

[[ATTACHMENT|test-results\navbar-Language-Switching--9c7eb-tor-shows-current-selection-webkit\error-context.md]]
]]>
</system-out>
</testcase>
<testcase name="Authentication &amp; Logout › logout button is disabled/hidden when not authenticated" classname="navbar.spec.ts" time="0.816">
</testcase>
<testcase name="Authentication &amp; Logout › profile link requires authentication" classname="navbar.spec.ts" time="0.863">
</testcase>
</testsuite>
<testsuite name="pages.spec.ts" timestamp="2026-01-04T03:21:31.854Z" hostname="webkit" tests="13" failures="7" skipped="0" time="42.64" errors="0">
<testcase name="Authentication Flow › signup page is accessible" classname="pages.spec.ts" time="0.832">
</testcase>
<testcase name="Authentication Flow › signin page is accessible" classname="pages.spec.ts" time="0.896">
</testcase>
<testcase name="Authentication Flow › role selection page exists" classname="pages.spec.ts" time="0.904">
<failure message="pages.spec.ts:21:7 role selection page exists" type="FAILURE">
<![CDATA[  [webkit] › pages.spec.ts:21:7 › Authentication Flow › role selection page exists ─────────────────

    Error: expect(received).toBeGreaterThan(expected)

    Expected: > 0
    Received:   0

      24 |     const roleOptions = page.locator('button, [role="button"]')
      25 |     const count = await roleOptions.count()
    > 26 |     expect(count).toBeGreaterThan(0)
         |                   ^
      27 |   })
      28 | })
      29 |
        at E:\SENDA\senda-web-app\tests\e2e\pages.spec.ts:26:19

    attachment #1: screenshot (image/png) ──────────────────────────────────────────────────────────
    ..\..\test-results\pages-Authentication-Flow-role-selection-page-exists-webkit\test-failed-1.png
    ────────────────────────────────────────────────────────────────────────────────────────────────

    attachment #2: video (video/webm) ──────────────────────────────────────────────────────────────
    ..\..\test-results\pages-Authentication-Flow-role-selection-page-exists-webkit\video.webm
    ────────────────────────────────────────────────────────────────────────────────────────────────

    Error Context: ..\..\test-results\pages-Authentication-Flow-role-selection-page-exists-webkit\error-context.md
]]>
</failure>
<system-out>
<![CDATA[
[[ATTACHMENT|test-results\pages-Authentication-Flow-role-selection-page-exists-webkit\test-failed-1.png]]

[[ATTACHMENT|test-results\pages-Authentication-Flow-role-selection-page-exists-webkit\video.webm]]

[[ATTACHMENT|test-results\pages-Authentication-Flow-role-selection-page-exists-webkit\error-context.md]]
]]>
</system-out>
</testcase>
<testcase name="Legal Pages › privacy policy page is accessible" classname="pages.spec.ts" time="5.853">
<failure message="pages.spec.ts:31:7 privacy policy page is accessible" type="FAILURE">
<![CDATA[  [webkit] › pages.spec.ts:31:7 › Legal Pages › privacy policy page is accessible ──────────────────

    Error: expect(locator).toBeVisible() failed

    Locator: locator('main, [role="main"]')
    Expected: visible
    Timeout: 5000ms
    Error: element(s) not found

    Call log:
      - Expect "toBeVisible" with timeout 5000ms
      - waiting for locator('main, [role="main"]')


      33 |     
      34 |     const content = page.locator('main, [role="main"]')
    > 35 |     await expect(content).toBeVisible()
         |                           ^
      36 |   })
      37 |
      38 |   test('terms page is accessible', async ({ page }) => {
        at E:\SENDA\senda-web-app\tests\e2e\pages.spec.ts:35:27

    attachment #1: screenshot (image/png) ──────────────────────────────────────────────────────────
    ..\..\test-results\pages-Legal-Pages-privacy-policy-page-is-accessible-webkit\test-failed-1.png
    ────────────────────────────────────────────────────────────────────────────────────────────────

    attachment #2: video (video/webm) ──────────────────────────────────────────────────────────────
    ..\..\test-results\pages-Legal-Pages-privacy-policy-page-is-accessible-webkit\video.webm
    ────────────────────────────────────────────────────────────────────────────────────────────────

    Error Context: ..\..\test-results\pages-Legal-Pages-privacy-policy-page-is-accessible-webkit\error-context.md
]]>
</failure>
<system-out>
<![CDATA[
[[ATTACHMENT|test-results\pages-Legal-Pages-privacy-policy-page-is-accessible-webkit\test-failed-1.png]]

[[ATTACHMENT|test-results\pages-Legal-Pages-privacy-policy-page-is-accessible-webkit\video.webm]]

[[ATTACHMENT|test-results\pages-Legal-Pages-privacy-policy-page-is-accessible-webkit\error-context.md]]
]]>
</system-out>
</testcase>
<testcase name="Legal Pages › terms page is accessible" classname="pages.spec.ts" time="5.923">
<failure message="pages.spec.ts:38:7 terms page is accessible" type="FAILURE">
<![CDATA[  [webkit] › pages.spec.ts:38:7 › Legal Pages › terms page is accessible ───────────────────────────

    Error: expect(locator).toBeVisible() failed

    Locator: locator('main, [role="main"]')
    Expected: visible
    Timeout: 5000ms
    Error: element(s) not found

    Call log:
      - Expect "toBeVisible" with timeout 5000ms
      - waiting for locator('main, [role="main"]')


      40 |     
      41 |     const content = page.locator('main, [role="main"]')
    > 42 |     await expect(content).toBeVisible()
         |                           ^
      43 |   })
      44 |
      45 |   test('cancellation policy page is accessible', async ({ page }) => {
        at E:\SENDA\senda-web-app\tests\e2e\pages.spec.ts:42:27

    attachment #1: screenshot (image/png) ──────────────────────────────────────────────────────────
    ..\..\test-results\pages-Legal-Pages-terms-page-is-accessible-webkit\test-failed-1.png
    ────────────────────────────────────────────────────────────────────────────────────────────────

    attachment #2: video (video/webm) ──────────────────────────────────────────────────────────────
    ..\..\test-results\pages-Legal-Pages-terms-page-is-accessible-webkit\video.webm
    ────────────────────────────────────────────────────────────────────────────────────────────────

    Error Context: ..\..\test-results\pages-Legal-Pages-terms-page-is-accessible-webkit\error-context.md
]]>
</failure>
<system-out>
<![CDATA[
[[ATTACHMENT|test-results\pages-Legal-Pages-terms-page-is-accessible-webkit\test-failed-1.png]]

[[ATTACHMENT|test-results\pages-Legal-Pages-terms-page-is-accessible-webkit\video.webm]]

[[ATTACHMENT|test-results\pages-Legal-Pages-terms-page-is-accessible-webkit\error-context.md]]
]]>
</system-out>
</testcase>
<testcase name="Legal Pages › cancellation policy page is accessible" classname="pages.spec.ts" time="5.89">
<failure message="pages.spec.ts:45:7 cancellation policy page is accessible" type="FAILURE">
<![CDATA[  [webkit] › pages.spec.ts:45:7 › Legal Pages › cancellation policy page is accessible ─────────────

    Error: expect(locator).toBeVisible() failed

    Locator: locator('main, [role="main"]')
    Expected: visible
    Timeout: 5000ms
    Error: element(s) not found

    Call log:
      - Expect "toBeVisible" with timeout 5000ms
      - waiting for locator('main, [role="main"]')


      47 |     
      48 |     const content = page.locator('main, [role="main"]')
    > 49 |     await expect(content).toBeVisible()
         |                           ^
      50 |   })
      51 |
      52 |   test('payment terms page is accessible', async ({ page }) => {
        at E:\SENDA\senda-web-app\tests\e2e\pages.spec.ts:49:27

    attachment #1: screenshot (image/png) ──────────────────────────────────────────────────────────
    ..\..\test-results\pages-Legal-Pages-cancellation-policy-page-is-accessible-webkit\test-failed-1.png
    ────────────────────────────────────────────────────────────────────────────────────────────────

    attachment #2: video (video/webm) ──────────────────────────────────────────────────────────────
    ..\..\test-results\pages-Legal-Pages-cancellation-policy-page-is-accessible-webkit\video.webm
    ────────────────────────────────────────────────────────────────────────────────────────────────

    Error Context: ..\..\test-results\pages-Legal-Pages-cancellation-policy-page-is-accessible-webkit\error-context.md
]]>
</failure>
<system-out>
<![CDATA[
[[ATTACHMENT|test-results\pages-Legal-Pages-cancellation-policy-page-is-accessible-webkit\test-failed-1.png]]

[[ATTACHMENT|test-results\pages-Legal-Pages-cancellation-policy-page-is-accessible-webkit\video.webm]]

[[ATTACHMENT|test-results\pages-Legal-Pages-cancellation-policy-page-is-accessible-webkit\error-context.md]]
]]>
</system-out>
</testcase>
<testcase name="Legal Pages › payment terms page is accessible" classname="pages.spec.ts" time="5.919">
<failure message="pages.spec.ts:52:7 payment terms page is accessible" type="FAILURE">
<![CDATA[  [webkit] › pages.spec.ts:52:7 › Legal Pages › payment terms page is accessible ───────────────────

    Error: expect(locator).toBeVisible() failed

    Locator: locator('main, [role="main"]')
    Expected: visible
    Timeout: 5000ms
    Error: element(s) not found

    Call log:
      - Expect "toBeVisible" with timeout 5000ms
      - waiting for locator('main, [role="main"]')


      54 |     
      55 |     const content = page.locator('main, [role="main"]')
    > 56 |     await expect(content).toBeVisible()
         |                           ^
      57 |   })
      58 | })
      59 |
        at E:\SENDA\senda-web-app\tests\e2e\pages.spec.ts:56:27

    attachment #1: screenshot (image/png) ──────────────────────────────────────────────────────────
    ..\..\test-results\pages-Legal-Pages-payment-terms-page-is-accessible-webkit\test-failed-1.png
    ────────────────────────────────────────────────────────────────────────────────────────────────

    attachment #2: video (video/webm) ──────────────────────────────────────────────────────────────
    ..\..\test-results\pages-Legal-Pages-payment-terms-page-is-accessible-webkit\video.webm
    ────────────────────────────────────────────────────────────────────────────────────────────────

    Error Context: ..\..\test-results\pages-Legal-Pages-payment-terms-page-is-accessible-webkit\error-context.md
]]>
</failure>
<system-out>
<![CDATA[
[[ATTACHMENT|test-results\pages-Legal-Pages-payment-terms-page-is-accessible-webkit\test-failed-1.png]]

[[ATTACHMENT|test-results\pages-Legal-Pages-payment-terms-page-is-accessible-webkit\video.webm]]

[[ATTACHMENT|test-results\pages-Legal-Pages-payment-terms-page-is-accessible-webkit\error-context.md]]
]]>
</system-out>
</testcase>
<testcase name="Public Pages › home page loads without errors" classname="pages.spec.ts" time="0.966">
</testcase>
<testcase name="Public Pages › explore therapies page is accessible" classname="pages.spec.ts" time="6.038">
<failure message="pages.spec.ts:68:7 explore therapies page is accessible" type="FAILURE">
<![CDATA[  [webkit] › pages.spec.ts:68:7 › Public Pages › explore therapies page is accessible ──────────────

    Error: expect(locator).toBeVisible() failed

    Locator: locator('main, [role="main"]')
    Expected: visible
    Timeout: 5000ms
    Error: element(s) not found

    Call log:
      - Expect "toBeVisible" with timeout 5000ms
      - waiting for locator('main, [role="main"]')


      70 |     
      71 |     const content = page.locator('main, [role="main"]')
    > 72 |     await expect(content).toBeVisible()
         |                           ^
      73 |   })
      74 |
      75 |   test('news page is accessible', async ({ page }) => {
        at E:\SENDA\senda-web-app\tests\e2e\pages.spec.ts:72:27

    attachment #1: screenshot (image/png) ──────────────────────────────────────────────────────────
    ..\..\test-results\pages-Public-Pages-explore-therapies-page-is-accessible-webkit\test-failed-1.png
    ────────────────────────────────────────────────────────────────────────────────────────────────

    attachment #2: video (video/webm) ──────────────────────────────────────────────────────────────
    ..\..\test-results\pages-Public-Pages-explore-therapies-page-is-accessible-webkit\video.webm
    ────────────────────────────────────────────────────────────────────────────────────────────────

    Error Context: ..\..\test-results\pages-Public-Pages-explore-therapies-page-is-accessible-webkit\error-context.md
]]>
</failure>
<system-out>
<![CDATA[
[[ATTACHMENT|test-results\pages-Public-Pages-explore-therapies-page-is-accessible-webkit\test-failed-1.png]]

[[ATTACHMENT|test-results\pages-Public-Pages-explore-therapies-page-is-accessible-webkit\video.webm]]

[[ATTACHMENT|test-results\pages-Public-Pages-explore-therapies-page-is-accessible-webkit\error-context.md]]
]]>
</system-out>
</testcase>
<testcase name="Public Pages › news page is accessible" classname="pages.spec.ts" time="5.914">
<failure message="pages.spec.ts:75:7 news page is accessible" type="FAILURE">
<![CDATA[  [webkit] › pages.spec.ts:75:7 › Public Pages › news page is accessible ───────────────────────────

    Error: expect(locator).toBeVisible() failed

    Locator: locator('main, [role="main"]')
    Expected: visible
    Timeout: 5000ms
    Error: element(s) not found

    Call log:
      - Expect "toBeVisible" with timeout 5000ms
      - waiting for locator('main, [role="main"]')


      77 |     
      78 |     const content = page.locator('main, [role="main"]')
    > 79 |     await expect(content).toBeVisible()
         |                           ^
      80 |   })
      81 | })
      82 |
        at E:\SENDA\senda-web-app\tests\e2e\pages.spec.ts:79:27

    attachment #1: screenshot (image/png) ──────────────────────────────────────────────────────────
    ..\..\test-results\pages-Public-Pages-news-page-is-accessible-webkit\test-failed-1.png
    ────────────────────────────────────────────────────────────────────────────────────────────────

    attachment #2: video (video/webm) ──────────────────────────────────────────────────────────────
    ..\..\test-results\pages-Public-Pages-news-page-is-accessible-webkit\video.webm
    ────────────────────────────────────────────────────────────────────────────────────────────────

    Error Context: ..\..\test-results\pages-Public-Pages-news-page-is-accessible-webkit\error-context.md
]]>
</failure>
<system-out>
<![CDATA[
[[ATTACHMENT|test-results\pages-Public-Pages-news-page-is-accessible-webkit\test-failed-1.png]]

[[ATTACHMENT|test-results\pages-Public-Pages-news-page-is-accessible-webkit\video.webm]]

[[ATTACHMENT|test-results\pages-Public-Pages-news-page-is-accessible-webkit\error-context.md]]
]]>
</system-out>
</testcase>
<testcase name="Error Handling › 404 page is shown for non-existent routes" classname="pages.spec.ts" time="0.914">
</testcase>
<testcase name="Performance › page loads within acceptable time" classname="pages.spec.ts" time="1.457">
</testcase>
<testcase name="Performance › no console errors on page load" classname="pages.spec.ts" time="1.134">
</testcase>
</testsuite>
<testsuite name="navbar.spec.ts" timestamp="2026-01-04T03:21:31.854Z" hostname="Mobile Chrome" tests="13" failures="11" skipped="0" time="209.038" errors="0">
<testcase name="Navbar UI Components › logout button renders with Lucide LogOut icon" classname="navbar.spec.ts" time="5.617">
<failure message="navbar.spec.ts:10:7 logout button renders with Lucide LogOut icon" type="FAILURE">
<![CDATA[  [Mobile Chrome] › navbar.spec.ts:10:7 › Navbar UI Components › logout button renders with Lucide LogOut icon 

    Error: expect(locator).toBeVisible() failed

    Locator: locator('button[title="Sair"]')
    Expected: visible
    Timeout: 5000ms
    Error: element(s) not found

    Call log:
      - Expect "toBeVisible" with timeout 5000ms
      - waiting for locator('button[title="Sair"]')
        - waiting for" http://localhost:3000/auth/signin" navigation to finish...
        - navigated to "http://localhost:3000/auth/signin"


      11 |     // Check if logout button exists
      12 |     const logoutBtn = page.locator('button[title="Sair"]')
    > 13 |     await expect(logoutBtn).toBeVisible()
         |                             ^
      14 |     
      15 |     // Check if it contains an SVG (Lucide icon)
      16 |     const svg = logoutBtn.locator('svg')
        at E:\SENDA\senda-web-app\tests\e2e\navbar.spec.ts:13:29

    attachment #1: screenshot (image/png) ──────────────────────────────────────────────────────────
    ..\..\test-results\navbar-Navbar-UI-Component-46d79-ers-with-Lucide-LogOut-icon-Mobile-Chrome\test-failed-1.png
    ────────────────────────────────────────────────────────────────────────────────────────────────

    attachment #2: video (video/webm) ──────────────────────────────────────────────────────────────
    ..\..\test-results\navbar-Navbar-UI-Component-46d79-ers-with-Lucide-LogOut-icon-Mobile-Chrome\video.webm
    ────────────────────────────────────────────────────────────────────────────────────────────────

    Error Context: ..\..\test-results\navbar-Navbar-UI-Component-46d79-ers-with-Lucide-LogOut-icon-Mobile-Chrome\error-context.md
]]>
</failure>
<system-out>
<![CDATA[
[[ATTACHMENT|test-results\navbar-Navbar-UI-Component-46d79-ers-with-Lucide-LogOut-icon-Mobile-Chrome\test-failed-1.png]]

[[ATTACHMENT|test-results\navbar-Navbar-UI-Component-46d79-ers-with-Lucide-LogOut-icon-Mobile-Chrome\video.webm]]

[[ATTACHMENT|test-results\navbar-Navbar-UI-Component-46d79-ers-with-Lucide-LogOut-icon-Mobile-Chrome\error-context.md]]
]]>
</system-out>
</testcase>
<testcase name="Navbar UI Components › logout button has correct styling" classname="navbar.spec.ts" time="30.871">
<failure message="navbar.spec.ts:20:7 logout button has correct styling" type="FAILURE">
<![CDATA[  [Mobile Chrome] › navbar.spec.ts:20:7 › Navbar UI Components › logout button has correct styling ─

    Test timeout of 30000ms exceeded.

    Error: locator.hover: Test timeout of 30000ms exceeded.
    Call log:
      - waiting for locator('button[title="Sair"]')
        - waiting for" http://localhost:3000/auth/signin" navigation to finish...
        - navigated to "http://localhost:3000/auth/signin"


      22 |     
      23 |     // Check for hover effects
    > 24 |     await logoutBtn.hover()
         |                     ^
      25 |     const styles = await logoutBtn.evaluate(el => 
      26 |       window.getComputedStyle(el).backgroundColor
      27 |     )
        at E:\SENDA\senda-web-app\tests\e2e\navbar.spec.ts:24:21

    attachment #1: screenshot (image/png) ──────────────────────────────────────────────────────────
    ..\..\test-results\navbar-Navbar-UI-Component-bcdb4--button-has-correct-styling-Mobile-Chrome\test-failed-1.png
    ────────────────────────────────────────────────────────────────────────────────────────────────

    attachment #2: video (video/webm) ──────────────────────────────────────────────────────────────
    ..\..\test-results\navbar-Navbar-UI-Component-bcdb4--button-has-correct-styling-Mobile-Chrome\video.webm
    ────────────────────────────────────────────────────────────────────────────────────────────────

    Error Context: ..\..\test-results\navbar-Navbar-UI-Component-bcdb4--button-has-correct-styling-Mobile-Chrome\error-context.md
]]>
</failure>
<system-out>
<![CDATA[
[[ATTACHMENT|test-results\navbar-Navbar-UI-Component-bcdb4--button-has-correct-styling-Mobile-Chrome\test-failed-1.png]]

[[ATTACHMENT|test-results\navbar-Navbar-UI-Component-bcdb4--button-has-correct-styling-Mobile-Chrome\video.webm]]

[[ATTACHMENT|test-results\navbar-Navbar-UI-Component-bcdb4--button-has-correct-styling-Mobile-Chrome\error-context.md]]
]]>
</system-out>
</testcase>
<testcase name="Navbar UI Components › logout button is NOT emoji" classname="navbar.spec.ts" time="31.112">
<failure message="navbar.spec.ts:33:7 logout button is NOT emoji" type="FAILURE">
<![CDATA[  [Mobile Chrome] › navbar.spec.ts:33:7 › Navbar UI Components › logout button is NOT emoji ────────

    Test timeout of 30000ms exceeded.

    Error: locator.textContent: Test timeout of 30000ms exceeded.
    Call log:
      - waiting for locator('button[title="Sair"]')


      33 |   test('logout button is NOT emoji', async ({ page }) => {
      34 |     const logoutBtn = page.locator('button[title="Sair"]')
    > 35 |     const textContent = await logoutBtn.textContent()
         |                                         ^
      36 |     
      37 |     // Should not contain emoji door
      38 |     expect(textContent).not.toContain('🚪')
        at E:\SENDA\senda-web-app\tests\e2e\navbar.spec.ts:35:41

    attachment #1: screenshot (image/png) ──────────────────────────────────────────────────────────
    ..\..\test-results\navbar-Navbar-UI-Components-logout-button-is-NOT-emoji-Mobile-Chrome\test-failed-1.png
    ────────────────────────────────────────────────────────────────────────────────────────────────

    attachment #2: video (video/webm) ──────────────────────────────────────────────────────────────
    ..\..\test-results\navbar-Navbar-UI-Components-logout-button-is-NOT-emoji-Mobile-Chrome\video.webm
    ────────────────────────────────────────────────────────────────────────────────────────────────

    Error Context: ..\..\test-results\navbar-Navbar-UI-Components-logout-button-is-NOT-emoji-Mobile-Chrome\error-context.md
]]>
</failure>
<system-out>
<![CDATA[
[[ATTACHMENT|test-results\navbar-Navbar-UI-Components-logout-button-is-NOT-emoji-Mobile-Chrome\test-failed-1.png]]

[[ATTACHMENT|test-results\navbar-Navbar-UI-Components-logout-button-is-NOT-emoji-Mobile-Chrome\video.webm]]

[[ATTACHMENT|test-results\navbar-Navbar-UI-Components-logout-button-is-NOT-emoji-Mobile-Chrome\error-context.md]]
]]>
</system-out>
</testcase>
<testcase name="Navbar UI Components › language selector dropdown exists" classname="navbar.spec.ts" time="5.37">
<failure message="navbar.spec.ts:41:7 language selector dropdown exists" type="FAILURE">
<![CDATA[  [Mobile Chrome] › navbar.spec.ts:41:7 › Navbar UI Components › language selector dropdown exists ─

    Error: expect(locator).toBeVisible() failed

    Locator: locator('select')
    Expected: visible
    Timeout: 5000ms
    Error: element(s) not found

    Call log:
      - Expect "toBeVisible" with timeout 5000ms
      - waiting for locator('select')
        - waiting for" http://localhost:3000/auth/signin" navigation to finish...
        - navigated to "http://localhost:3000/auth/signin"


      41 |   test('language selector dropdown exists', async ({ page }) => {
      42 |     const langSelector = page.locator('select')
    > 43 |     await expect(langSelector).toBeVisible()
         |                                ^
      44 |     
      45 |     // Should have options
      46 |     const options = page.locator('select option')
        at E:\SENDA\senda-web-app\tests\e2e\navbar.spec.ts:43:32

    attachment #1: screenshot (image/png) ──────────────────────────────────────────────────────────
    ..\..\test-results\navbar-Navbar-UI-Component-b3e47-ge-selector-dropdown-exists-Mobile-Chrome\test-failed-1.png
    ────────────────────────────────────────────────────────────────────────────────────────────────

    attachment #2: video (video/webm) ──────────────────────────────────────────────────────────────
    ..\..\test-results\navbar-Navbar-UI-Component-b3e47-ge-selector-dropdown-exists-Mobile-Chrome\video.webm
    ────────────────────────────────────────────────────────────────────────────────────────────────

    Error Context: ..\..\test-results\navbar-Navbar-UI-Component-b3e47-ge-selector-dropdown-exists-Mobile-Chrome\error-context.md
]]>
</failure>
<system-out>
<![CDATA[
[[ATTACHMENT|test-results\navbar-Navbar-UI-Component-b3e47-ge-selector-dropdown-exists-Mobile-Chrome\test-failed-1.png]]

[[ATTACHMENT|test-results\navbar-Navbar-UI-Component-b3e47-ge-selector-dropdown-exists-Mobile-Chrome\video.webm]]

[[ATTACHMENT|test-results\navbar-Navbar-UI-Component-b3e47-ge-selector-dropdown-exists-Mobile-Chrome\error-context.md]]
]]>
</system-out>
</testcase>
<testcase name="Navbar UI Components › language selector has all supported languages" classname="navbar.spec.ts" time="5.371">
<failure message="navbar.spec.ts:51:7 language selector has all supported languages" type="FAILURE">
<![CDATA[  [Mobile Chrome] › navbar.spec.ts:51:7 › Navbar UI Components › language selector has all supported languages 

    Error: expect(locator).toBeVisible() failed

    Locator: locator('select option[value="pt"]')
    Expected: visible
    Timeout: 5000ms
    Error: element(s) not found

    Call log:
      - Expect "toBeVisible" with timeout 5000ms
      - waiting for locator('select option[value="pt"]')
        - waiting for" http://localhost:3000/auth/signin" navigation to finish...
        - navigated to "http://localhost:3000/auth/signin"


      55 |     for (const lang of languages) {
      56 |       const option = page.locator(`select option[value="${lang}"]`)
    > 57 |       await expect(option).toBeVisible()
         |                            ^
      58 |     }
      59 |   })
      60 |
        at E:\SENDA\senda-web-app\tests\e2e\navbar.spec.ts:57:28

    attachment #1: screenshot (image/png) ──────────────────────────────────────────────────────────
    ..\..\test-results\navbar-Navbar-UI-Component-bd82a-has-all-supported-languages-Mobile-Chrome\test-failed-1.png
    ────────────────────────────────────────────────────────────────────────────────────────────────

    attachment #2: video (video/webm) ──────────────────────────────────────────────────────────────
    ..\..\test-results\navbar-Navbar-UI-Component-bd82a-has-all-supported-languages-Mobile-Chrome\video.webm
    ────────────────────────────────────────────────────────────────────────────────────────────────

    Error Context: ..\..\test-results\navbar-Navbar-UI-Component-bd82a-has-all-supported-languages-Mobile-Chrome\error-context.md
]]>
</failure>
<system-out>
<![CDATA[
[[ATTACHMENT|test-results\navbar-Navbar-UI-Component-bd82a-has-all-supported-languages-Mobile-Chrome\test-failed-1.png]]

[[ATTACHMENT|test-results\navbar-Navbar-UI-Component-bd82a-has-all-supported-languages-Mobile-Chrome\video.webm]]

[[ATTACHMENT|test-results\navbar-Navbar-UI-Component-bd82a-has-all-supported-languages-Mobile-Chrome\error-context.md]]
]]>
</system-out>
</testcase>
<testcase name="Navbar UI Components › avatar button links to profile" classname="navbar.spec.ts" time="5.532">
<failure message="navbar.spec.ts:61:7 avatar button links to profile" type="FAILURE">
<![CDATA[  [Mobile Chrome] › navbar.spec.ts:61:7 › Navbar UI Components › avatar button links to profile ────

    Error: expect(locator).toBeVisible() failed

    Locator: locator('a[href="/profile"]')
    Expected: visible
    Timeout: 5000ms
    Error: element(s) not found

    Call log:
      - Expect "toBeVisible" with timeout 5000ms
      - waiting for locator('a[href="/profile"]')
        - waiting for" http://localhost:3000/auth/signin" navigation to finish...
        - navigated to "http://localhost:3000/auth/signin"


      64 |     
      65 |     // Should be visible
    > 66 |     await expect(avatarLink).toBeVisible()
         |                              ^
      67 |     
      68 |     // Should have correct styling (gradient)
      69 |     const styles = await avatarLink.getAttribute('class')
        at E:\SENDA\senda-web-app\tests\e2e\navbar.spec.ts:66:30

    attachment #1: screenshot (image/png) ──────────────────────────────────────────────────────────
    ..\..\test-results\navbar-Navbar-UI-Components-avatar-button-links-to-profile-Mobile-Chrome\test-failed-1.png
    ────────────────────────────────────────────────────────────────────────────────────────────────

    attachment #2: video (video/webm) ──────────────────────────────────────────────────────────────
    ..\..\test-results\navbar-Navbar-UI-Components-avatar-button-links-to-profile-Mobile-Chrome\video.webm
    ────────────────────────────────────────────────────────────────────────────────────────────────

    Error Context: ..\..\test-results\navbar-Navbar-UI-Components-avatar-button-links-to-profile-Mobile-Chrome\error-context.md
]]>
</failure>
<system-out>
<![CDATA[
[[ATTACHMENT|test-results\navbar-Navbar-UI-Components-avatar-button-links-to-profile-Mobile-Chrome\test-failed-1.png]]

[[ATTACHMENT|test-results\navbar-Navbar-UI-Components-avatar-button-links-to-profile-Mobile-Chrome\video.webm]]

[[ATTACHMENT|test-results\navbar-Navbar-UI-Components-avatar-button-links-to-profile-Mobile-Chrome\error-context.md]]
]]>
</system-out>
</testcase>
<testcase name="Navbar UI Components › avatar shows user initial or avatar image" classname="navbar.spec.ts" time="30.866">
<failure message="navbar.spec.ts:73:7 avatar shows user initial or avatar image" type="FAILURE">
<![CDATA[  [Mobile Chrome] › navbar.spec.ts:73:7 › Navbar UI Components › avatar shows user initial or avatar image 

    Test timeout of 30000ms exceeded.

    Error: locator.textContent: Test timeout of 30000ms exceeded.
    Call log:
      - waiting for locator('a[href="/profile"]')


      80 |     if (!imgVisible) {
      81 |       // Should have text (user initial)
    > 82 |       const textContent = await avatarLink.textContent()
         |                                            ^
      83 |       expect(textContent?.length).toBeGreaterThan(0)
      84 |     }
      85 |   })
        at E:\SENDA\senda-web-app\tests\e2e\navbar.spec.ts:82:44

    attachment #1: screenshot (image/png) ──────────────────────────────────────────────────────────
    ..\..\test-results\navbar-Navbar-UI-Component-ba2a7-ser-initial-or-avatar-image-Mobile-Chrome\test-failed-1.png
    ────────────────────────────────────────────────────────────────────────────────────────────────

    attachment #2: video (video/webm) ──────────────────────────────────────────────────────────────
    ..\..\test-results\navbar-Navbar-UI-Component-ba2a7-ser-initial-or-avatar-image-Mobile-Chrome\video.webm
    ────────────────────────────────────────────────────────────────────────────────────────────────

    Error Context: ..\..\test-results\navbar-Navbar-UI-Component-ba2a7-ser-initial-or-avatar-image-Mobile-Chrome\error-context.md
]]>
</failure>
<system-out>
<![CDATA[
[[ATTACHMENT|test-results\navbar-Navbar-UI-Component-ba2a7-ser-initial-or-avatar-image-Mobile-Chrome\test-failed-1.png]]

[[ATTACHMENT|test-results\navbar-Navbar-UI-Component-ba2a7-ser-initial-or-avatar-image-Mobile-Chrome\video.webm]]

[[ATTACHMENT|test-results\navbar-Navbar-UI-Component-ba2a7-ser-initial-or-avatar-image-Mobile-Chrome\error-context.md]]
]]>
</system-out>
</testcase>
<testcase name="Navbar UI Components › navigation links have correct active state styling" classname="navbar.spec.ts" time="0.23">
<failure message="navbar.spec.ts:87:7 navigation links have correct active state styling" type="FAILURE">
<![CDATA[  [Mobile Chrome] › navbar.spec.ts:87:7 › Navbar UI Components › navigation links have correct active state styling 

    Error: expect(received).toBeGreaterThan(expected)

    Expected: > 0
    Received:   0

      91 |     
      92 |     // Should have at least one active link
    > 93 |     expect(activeCount).toBeGreaterThan(0)
         |                         ^
      94 |   })
      95 | })
      96 |
        at E:\SENDA\senda-web-app\tests\e2e\navbar.spec.ts:93:25

    Error: page.goto: Test ended.
    Call log:
      - navigating to "http://localhost:3000/home/client", waiting until "load"


       5 |     // Assuming we have a test account
       6 |     // This would need proper test credentials
    >  7 |     page.goto('http://localhost:3000/home/client')
         |          ^
       8 |   })
       9 |
      10 |   test('logout button renders with Lucide LogOut icon', async ({ page }) => {
        at E:\SENDA\senda-web-app\tests\e2e\navbar.spec.ts:7:10

    attachment #1: screenshot (image/png) ──────────────────────────────────────────────────────────
    ..\..\test-results\navbar-Navbar-UI-Component-a99d9-orrect-active-state-styling-Mobile-Chrome\test-failed-1.png
    ────────────────────────────────────────────────────────────────────────────────────────────────

    Error Context: ..\..\test-results\navbar-Navbar-UI-Component-a99d9-orrect-active-state-styling-Mobile-Chrome\error-context.md
]]>
</failure>
<system-out>
<![CDATA[
[[ATTACHMENT|test-results\navbar-Navbar-UI-Component-a99d9-orrect-active-state-styling-Mobile-Chrome\test-failed-1.png]]

[[ATTACHMENT|test-results\navbar-Navbar-UI-Component-a99d9-orrect-active-state-styling-Mobile-Chrome\error-context.md]]
]]>
</system-out>
</testcase>
<testcase name="Language Switching Functionality › changing language updates page language" classname="navbar.spec.ts" time="30.844">
<failure message="navbar.spec.ts:98:7 changing language updates page language" type="FAILURE">
<![CDATA[  [Mobile Chrome] › navbar.spec.ts:98:7 › Language Switching Functionality › changing language updates page language 

    Test timeout of 30000ms exceeded.

    Error: locator.selectOption: Test timeout of 30000ms exceeded.
    Call log:
      - waiting for locator('select')


      105 |     // Change language
      106 |     const langSelector = page.locator('select')
    > 107 |     await langSelector.selectOption('en')
          |                        ^
      108 |     
      109 |     // Language should update
      110 |     const newLang = await page.getAttribute('html', 'lang')
        at E:\SENDA\senda-web-app\tests\e2e\navbar.spec.ts:107:24

    attachment #1: screenshot (image/png) ──────────────────────────────────────────────────────────
    ..\..\test-results\navbar-Language-Switching--17eb9-guage-updates-page-language-Mobile-Chrome\test-failed-1.png
    ────────────────────────────────────────────────────────────────────────────────────────────────

    attachment #2: video (video/webm) ──────────────────────────────────────────────────────────────
    ..\..\test-results\navbar-Language-Switching--17eb9-guage-updates-page-language-Mobile-Chrome\video.webm
    ────────────────────────────────────────────────────────────────────────────────────────────────

    Error Context: ..\..\test-results\navbar-Language-Switching--17eb9-guage-updates-page-language-Mobile-Chrome\error-context.md
]]>
</failure>
<system-out>
<![CDATA[
[[ATTACHMENT|test-results\navbar-Language-Switching--17eb9-guage-updates-page-language-Mobile-Chrome\test-failed-1.png]]

[[ATTACHMENT|test-results\navbar-Language-Switching--17eb9-guage-updates-page-language-Mobile-Chrome\video.webm]]

[[ATTACHMENT|test-results\navbar-Language-Switching--17eb9-guage-updates-page-language-Mobile-Chrome\error-context.md]]
]]>
</system-out>
</testcase>
<testcase name="Language Switching Functionality › language preference persists in localStorage" classname="navbar.spec.ts" time="30.903">
<failure message="navbar.spec.ts:114:7 language preference persists in localStorage" type="FAILURE">
<![CDATA[  [Mobile Chrome] › navbar.spec.ts:114:7 › Language Switching Functionality › language preference persists in localStorage 

    Test timeout of 30000ms exceeded.

    Error: locator.selectOption: Test timeout of 30000ms exceeded.
    Call log:
      - waiting for locator('select')


      117 |     // Change language
      118 |     const langSelector = page.locator('select')
    > 119 |     await langSelector.selectOption('es')
          |                        ^
      120 |     
      121 |     // Check localStorage
      122 |     const lang = await page.evaluate(() => 
        at E:\SENDA\senda-web-app\tests\e2e\navbar.spec.ts:119:24

    attachment #1: screenshot (image/png) ──────────────────────────────────────────────────────────
    ..\..\test-results\navbar-Language-Switching--08579-ce-persists-in-localStorage-Mobile-Chrome\test-failed-1.png
    ────────────────────────────────────────────────────────────────────────────────────────────────

    attachment #2: video (video/webm) ──────────────────────────────────────────────────────────────
    ..\..\test-results\navbar-Language-Switching--08579-ce-persists-in-localStorage-Mobile-Chrome\video.webm
    ────────────────────────────────────────────────────────────────────────────────────────────────

    Error Context: ..\..\test-results\navbar-Language-Switching--08579-ce-persists-in-localStorage-Mobile-Chrome\error-context.md
]]>
</failure>
<system-out>
<![CDATA[
[[ATTACHMENT|test-results\navbar-Language-Switching--08579-ce-persists-in-localStorage-Mobile-Chrome\test-failed-1.png]]

[[ATTACHMENT|test-results\navbar-Language-Switching--08579-ce-persists-in-localStorage-Mobile-Chrome\video.webm]]

[[ATTACHMENT|test-results\navbar-Language-Switching--08579-ce-persists-in-localStorage-Mobile-Chrome\error-context.md]]
]]>
</system-out>
</testcase>
<testcase name="Language Switching Functionality › language selector shows current selection" classname="navbar.spec.ts" time="30.898">
<failure message="navbar.spec.ts:128:7 language selector shows current selection" type="FAILURE">
<![CDATA[  [Mobile Chrome] › navbar.spec.ts:128:7 › Language Switching Functionality › language selector shows current selection 

    Test timeout of 30000ms exceeded.

    Error: locator.inputValue: Test timeout of 30000ms exceeded.
    Call log:
      - waiting for locator('select')


      131 |     // Default should be Portuguese
      132 |     const langSelector = page.locator('select')
    > 133 |     const value = await langSelector.inputValue()
          |                                      ^
      134 |     expect(value).toBe('pt')
      135 |   })
      136 | })
        at E:\SENDA\senda-web-app\tests\e2e\navbar.spec.ts:133:38

    attachment #1: screenshot (image/png) ──────────────────────────────────────────────────────────
    ..\..\test-results\navbar-Language-Switching--9c7eb-tor-shows-current-selection-Mobile-Chrome\test-failed-1.png
    ────────────────────────────────────────────────────────────────────────────────────────────────

    attachment #2: video (video/webm) ──────────────────────────────────────────────────────────────
    ..\..\test-results\navbar-Language-Switching--9c7eb-tor-shows-current-selection-Mobile-Chrome\video.webm
    ────────────────────────────────────────────────────────────────────────────────────────────────

    Error Context: ..\..\test-results\navbar-Language-Switching--9c7eb-tor-shows-current-selection-Mobile-Chrome\error-context.md
]]>
</failure>
<system-out>
<![CDATA[
[[ATTACHMENT|test-results\navbar-Language-Switching--9c7eb-tor-shows-current-selection-Mobile-Chrome\test-failed-1.png]]

[[ATTACHMENT|test-results\navbar-Language-Switching--9c7eb-tor-shows-current-selection-Mobile-Chrome\video.webm]]

[[ATTACHMENT|test-results\navbar-Language-Switching--9c7eb-tor-shows-current-selection-Mobile-Chrome\error-context.md]]
]]>
</system-out>
</testcase>
<testcase name="Authentication &amp; Logout › logout button is disabled/hidden when not authenticated" classname="navbar.spec.ts" time="0.673">
</testcase>
<testcase name="Authentication &amp; Logout › profile link requires authentication" classname="navbar.spec.ts" time="0.751">
</testcase>
</testsuite>
<testsuite name="pages.spec.ts" timestamp="2026-01-04T03:21:31.854Z" hostname="Mobile Chrome" tests="13" failures="7" skipped="0" time="42.366" errors="0">
<testcase name="Authentication Flow › signup page is accessible" classname="pages.spec.ts" time="0.778">
</testcase>
<testcase name="Authentication Flow › signin page is accessible" classname="pages.spec.ts" time="0.946">
</testcase>
<testcase name="Authentication Flow › role selection page exists" classname="pages.spec.ts" time="0.812">
<failure message="pages.spec.ts:21:7 role selection page exists" type="FAILURE">
<![CDATA[  [Mobile Chrome] › pages.spec.ts:21:7 › Authentication Flow › role selection page exists ──────────

    Error: expect(received).toBeGreaterThan(expected)

    Expected: > 0
    Received:   0

      24 |     const roleOptions = page.locator('button, [role="button"]')
      25 |     const count = await roleOptions.count()
    > 26 |     expect(count).toBeGreaterThan(0)
         |                   ^
      27 |   })
      28 | })
      29 |
        at E:\SENDA\senda-web-app\tests\e2e\pages.spec.ts:26:19

    attachment #1: screenshot (image/png) ──────────────────────────────────────────────────────────
    ..\..\test-results\pages-Authentication-Flow-role-selection-page-exists-Mobile-Chrome\test-failed-1.png
    ────────────────────────────────────────────────────────────────────────────────────────────────

    attachment #2: video (video/webm) ──────────────────────────────────────────────────────────────
    ..\..\test-results\pages-Authentication-Flow-role-selection-page-exists-Mobile-Chrome\video.webm
    ────────────────────────────────────────────────────────────────────────────────────────────────

    Error Context: ..\..\test-results\pages-Authentication-Flow-role-selection-page-exists-Mobile-Chrome\error-context.md
]]>
</failure>
<system-out>
<![CDATA[
[[ATTACHMENT|test-results\pages-Authentication-Flow-role-selection-page-exists-Mobile-Chrome\test-failed-1.png]]

[[ATTACHMENT|test-results\pages-Authentication-Flow-role-selection-page-exists-Mobile-Chrome\video.webm]]

[[ATTACHMENT|test-results\pages-Authentication-Flow-role-selection-page-exists-Mobile-Chrome\error-context.md]]
]]>
</system-out>
</testcase>
<testcase name="Legal Pages › privacy policy page is accessible" classname="pages.spec.ts" time="6.137">
<failure message="pages.spec.ts:31:7 privacy policy page is accessible" type="FAILURE">
<![CDATA[  [Mobile Chrome] › pages.spec.ts:31:7 › Legal Pages › privacy policy page is accessible ───────────

    Error: expect(locator).toBeVisible() failed

    Locator: locator('main, [role="main"]')
    Expected: visible
    Timeout: 5000ms
    Error: element(s) not found

    Call log:
      - Expect "toBeVisible" with timeout 5000ms
      - waiting for locator('main, [role="main"]')


      33 |     
      34 |     const content = page.locator('main, [role="main"]')
    > 35 |     await expect(content).toBeVisible()
         |                           ^
      36 |   })
      37 |
      38 |   test('terms page is accessible', async ({ page }) => {
        at E:\SENDA\senda-web-app\tests\e2e\pages.spec.ts:35:27

    attachment #1: screenshot (image/png) ──────────────────────────────────────────────────────────
    ..\..\test-results\pages-Legal-Pages-privacy-policy-page-is-accessible-Mobile-Chrome\test-failed-1.png
    ────────────────────────────────────────────────────────────────────────────────────────────────

    attachment #2: video (video/webm) ──────────────────────────────────────────────────────────────
    ..\..\test-results\pages-Legal-Pages-privacy-policy-page-is-accessible-Mobile-Chrome\video.webm
    ────────────────────────────────────────────────────────────────────────────────────────────────

    Error Context: ..\..\test-results\pages-Legal-Pages-privacy-policy-page-is-accessible-Mobile-Chrome\error-context.md
]]>
</failure>
<system-out>
<![CDATA[
[[ATTACHMENT|test-results\pages-Legal-Pages-privacy-policy-page-is-accessible-Mobile-Chrome\test-failed-1.png]]

[[ATTACHMENT|test-results\pages-Legal-Pages-privacy-policy-page-is-accessible-Mobile-Chrome\video.webm]]

[[ATTACHMENT|test-results\pages-Legal-Pages-privacy-policy-page-is-accessible-Mobile-Chrome\error-context.md]]
]]>
</system-out>
</testcase>
<testcase name="Legal Pages › terms page is accessible" classname="pages.spec.ts" time="6.001">
<failure message="pages.spec.ts:38:7 terms page is accessible" type="FAILURE">
<![CDATA[  [Mobile Chrome] › pages.spec.ts:38:7 › Legal Pages › terms page is accessible ────────────────────

    Error: expect(locator).toBeVisible() failed

    Locator: locator('main, [role="main"]')
    Expected: visible
    Timeout: 5000ms
    Error: element(s) not found

    Call log:
      - Expect "toBeVisible" with timeout 5000ms
      - waiting for locator('main, [role="main"]')


      40 |     
      41 |     const content = page.locator('main, [role="main"]')
    > 42 |     await expect(content).toBeVisible()
         |                           ^
      43 |   })
      44 |
      45 |   test('cancellation policy page is accessible', async ({ page }) => {
        at E:\SENDA\senda-web-app\tests\e2e\pages.spec.ts:42:27

    attachment #1: screenshot (image/png) ──────────────────────────────────────────────────────────
    ..\..\test-results\pages-Legal-Pages-terms-page-is-accessible-Mobile-Chrome\test-failed-1.png
    ────────────────────────────────────────────────────────────────────────────────────────────────

    attachment #2: video (video/webm) ──────────────────────────────────────────────────────────────
    ..\..\test-results\pages-Legal-Pages-terms-page-is-accessible-Mobile-Chrome\video.webm
    ────────────────────────────────────────────────────────────────────────────────────────────────

    Error Context: ..\..\test-results\pages-Legal-Pages-terms-page-is-accessible-Mobile-Chrome\error-context.md
]]>
</failure>
<system-out>
<![CDATA[
[[ATTACHMENT|test-results\pages-Legal-Pages-terms-page-is-accessible-Mobile-Chrome\test-failed-1.png]]

[[ATTACHMENT|test-results\pages-Legal-Pages-terms-page-is-accessible-Mobile-Chrome\video.webm]]

[[ATTACHMENT|test-results\pages-Legal-Pages-terms-page-is-accessible-Mobile-Chrome\error-context.md]]
]]>
</system-out>
</testcase>
<testcase name="Legal Pages › cancellation policy page is accessible" classname="pages.spec.ts" time="5.881">
<failure message="pages.spec.ts:45:7 cancellation policy page is accessible" type="FAILURE">
<![CDATA[  [Mobile Chrome] › pages.spec.ts:45:7 › Legal Pages › cancellation policy page is accessible ──────

    Error: expect(locator).toBeVisible() failed

    Locator: locator('main, [role="main"]')
    Expected: visible
    Timeout: 5000ms
    Error: element(s) not found

    Call log:
      - Expect "toBeVisible" with timeout 5000ms
      - waiting for locator('main, [role="main"]')


      47 |     
      48 |     const content = page.locator('main, [role="main"]')
    > 49 |     await expect(content).toBeVisible()
         |                           ^
      50 |   })
      51 |
      52 |   test('payment terms page is accessible', async ({ page }) => {
        at E:\SENDA\senda-web-app\tests\e2e\pages.spec.ts:49:27

    attachment #1: screenshot (image/png) ──────────────────────────────────────────────────────────
    ..\..\test-results\pages-Legal-Pages-cancellation-policy-page-is-accessible-Mobile-Chrome\test-failed-1.png
    ────────────────────────────────────────────────────────────────────────────────────────────────

    attachment #2: video (video/webm) ──────────────────────────────────────────────────────────────
    ..\..\test-results\pages-Legal-Pages-cancellation-policy-page-is-accessible-Mobile-Chrome\video.webm
    ────────────────────────────────────────────────────────────────────────────────────────────────

    Error Context: ..\..\test-results\pages-Legal-Pages-cancellation-policy-page-is-accessible-Mobile-Chrome\error-context.md
]]>
</failure>
<system-out>
<![CDATA[
[[ATTACHMENT|test-results\pages-Legal-Pages-cancellation-policy-page-is-accessible-Mobile-Chrome\test-failed-1.png]]

[[ATTACHMENT|test-results\pages-Legal-Pages-cancellation-policy-page-is-accessible-Mobile-Chrome\video.webm]]

[[ATTACHMENT|test-results\pages-Legal-Pages-cancellation-policy-page-is-accessible-Mobile-Chrome\error-context.md]]
]]>
</system-out>
</testcase>
<testcase name="Legal Pages › payment terms page is accessible" classname="pages.spec.ts" time="5.924">
<failure message="pages.spec.ts:52:7 payment terms page is accessible" type="FAILURE">
<![CDATA[  [Mobile Chrome] › pages.spec.ts:52:7 › Legal Pages › payment terms page is accessible ────────────

    Error: expect(locator).toBeVisible() failed

    Locator: locator('main, [role="main"]')
    Expected: visible
    Timeout: 5000ms
    Error: element(s) not found

    Call log:
      - Expect "toBeVisible" with timeout 5000ms
      - waiting for locator('main, [role="main"]')


      54 |     
      55 |     const content = page.locator('main, [role="main"]')
    > 56 |     await expect(content).toBeVisible()
         |                           ^
      57 |   })
      58 | })
      59 |
        at E:\SENDA\senda-web-app\tests\e2e\pages.spec.ts:56:27

    attachment #1: screenshot (image/png) ──────────────────────────────────────────────────────────
    ..\..\test-results\pages-Legal-Pages-payment-terms-page-is-accessible-Mobile-Chrome\test-failed-1.png
    ────────────────────────────────────────────────────────────────────────────────────────────────

    attachment #2: video (video/webm) ──────────────────────────────────────────────────────────────
    ..\..\test-results\pages-Legal-Pages-payment-terms-page-is-accessible-Mobile-Chrome\video.webm
    ────────────────────────────────────────────────────────────────────────────────────────────────

    Error Context: ..\..\test-results\pages-Legal-Pages-payment-terms-page-is-accessible-Mobile-Chrome\error-context.md
]]>
</failure>
<system-out>
<![CDATA[
[[ATTACHMENT|test-results\pages-Legal-Pages-payment-terms-page-is-accessible-Mobile-Chrome\test-failed-1.png]]

[[ATTACHMENT|test-results\pages-Legal-Pages-payment-terms-page-is-accessible-Mobile-Chrome\video.webm]]

[[ATTACHMENT|test-results\pages-Legal-Pages-payment-terms-page-is-accessible-Mobile-Chrome\error-context.md]]
]]>
</system-out>
</testcase>
<testcase name="Public Pages › home page loads without errors" classname="pages.spec.ts" time="0.899">
</testcase>
<testcase name="Public Pages › explore therapies page is accessible" classname="pages.spec.ts" time="5.913">
<failure message="pages.spec.ts:68:7 explore therapies page is accessible" type="FAILURE">
<![CDATA[  [Mobile Chrome] › pages.spec.ts:68:7 › Public Pages › explore therapies page is accessible ───────

    Error: expect(locator).toBeVisible() failed

    Locator: locator('main, [role="main"]')
    Expected: visible
    Timeout: 5000ms
    Error: element(s) not found

    Call log:
      - Expect "toBeVisible" with timeout 5000ms
      - waiting for locator('main, [role="main"]')


      70 |     
      71 |     const content = page.locator('main, [role="main"]')
    > 72 |     await expect(content).toBeVisible()
         |                           ^
      73 |   })
      74 |
      75 |   test('news page is accessible', async ({ page }) => {
        at E:\SENDA\senda-web-app\tests\e2e\pages.spec.ts:72:27

    attachment #1: screenshot (image/png) ──────────────────────────────────────────────────────────
    ..\..\test-results\pages-Public-Pages-explore-therapies-page-is-accessible-Mobile-Chrome\test-failed-1.png
    ────────────────────────────────────────────────────────────────────────────────────────────────

    attachment #2: video (video/webm) ──────────────────────────────────────────────────────────────
    ..\..\test-results\pages-Public-Pages-explore-therapies-page-is-accessible-Mobile-Chrome\video.webm
    ────────────────────────────────────────────────────────────────────────────────────────────────

    Error Context: ..\..\test-results\pages-Public-Pages-explore-therapies-page-is-accessible-Mobile-Chrome\error-context.md
]]>
</failure>
<system-out>
<![CDATA[
[[ATTACHMENT|test-results\pages-Public-Pages-explore-therapies-page-is-accessible-Mobile-Chrome\test-failed-1.png]]

[[ATTACHMENT|test-results\pages-Public-Pages-explore-therapies-page-is-accessible-Mobile-Chrome\video.webm]]

[[ATTACHMENT|test-results\pages-Public-Pages-explore-therapies-page-is-accessible-Mobile-Chrome\error-context.md]]
]]>
</system-out>
</testcase>
<testcase name="Public Pages › news page is accessible" classname="pages.spec.ts" time="5.849">
<failure message="pages.spec.ts:75:7 news page is accessible" type="FAILURE">
<![CDATA[  [Mobile Chrome] › pages.spec.ts:75:7 › Public Pages › news page is accessible ────────────────────

    Error: expect(locator).toBeVisible() failed

    Locator: locator('main, [role="main"]')
    Expected: visible
    Timeout: 5000ms
    Error: element(s) not found

    Call log:
      - Expect "toBeVisible" with timeout 5000ms
      - waiting for locator('main, [role="main"]')


      77 |     
      78 |     const content = page.locator('main, [role="main"]')
    > 79 |     await expect(content).toBeVisible()
         |                           ^
      80 |   })
      81 | })
      82 |
        at E:\SENDA\senda-web-app\tests\e2e\pages.spec.ts:79:27

    attachment #1: screenshot (image/png) ──────────────────────────────────────────────────────────
    ..\..\test-results\pages-Public-Pages-news-page-is-accessible-Mobile-Chrome\test-failed-1.png
    ────────────────────────────────────────────────────────────────────────────────────────────────

    attachment #2: video (video/webm) ──────────────────────────────────────────────────────────────
    ..\..\test-results\pages-Public-Pages-news-page-is-accessible-Mobile-Chrome\video.webm
    ────────────────────────────────────────────────────────────────────────────────────────────────

    Error Context: ..\..\test-results\pages-Public-Pages-news-page-is-accessible-Mobile-Chrome\error-context.md
]]>
</failure>
<system-out>
<![CDATA[
[[ATTACHMENT|test-results\pages-Public-Pages-news-page-is-accessible-Mobile-Chrome\test-failed-1.png]]

[[ATTACHMENT|test-results\pages-Public-Pages-news-page-is-accessible-Mobile-Chrome\video.webm]]

[[ATTACHMENT|test-results\pages-Public-Pages-news-page-is-accessible-Mobile-Chrome\error-context.md]]
]]>
</system-out>
</testcase>
<testcase name="Error Handling › 404 page is shown for non-existent routes" classname="pages.spec.ts" time="0.819">
</testcase>
<testcase name="Performance › page loads within acceptable time" classname="pages.spec.ts" time="1.431">
</testcase>
<testcase name="Performance › no console errors on page load" classname="pages.spec.ts" time="0.976">
</testcase>
</testsuite>
</testsuites>